[INFO] Scanning for projects...
[INFO] 
[INFO] ------------< com.staffengagement:staff-engagement-backend >------------
[INFO] Building Staff Engagement Backend 0.0.1-SNAPSHOT
[INFO]   from pom.xml
[INFO] --------------------------------[ jar ]---------------------------------
[INFO] 
[INFO] --- resources:3.3.1:resources (default-resources) @ staff-engagement-backend ---
[INFO] Copying 1 resource from src\main\resources to target\classes
[INFO] Copying 12 resources from src\main\resources to target\classes
[INFO] 
[INFO] --- compiler:3.13.0:compile (default-compile) @ staff-engagement-backend ---
[INFO] Nothing to compile - all classes are up to date.
[INFO] 
[INFO] --- resources:3.3.1:testResources (default-testResources) @ staff-engagement-backend ---
[INFO] Copying 1 resource from src\test\resources to target\test-classes
[INFO] 
[INFO] --- compiler:3.13.0:testCompile (default-testCompile) @ staff-engagement-backend ---
[INFO] Recompiling the module because of changed source code.
[INFO] Compiling 25 source files with javac [debug parameters release 21] to target\test-classes
[INFO] Some messages have been simplified; recompile with -Xdiags:verbose to get full output
[INFO] -------------------------------------------------------------
[ERROR] COMPILATION ERROR : 
[INFO] -------------------------------------------------------------
[ERROR] /C:/myworkbench/projects/staff engagement poc/Staff-Engagement-POC/backend/src/test/java/com/staffengagement/auth/service/AuthServiceTest.java:[50,14] cannot find symbol
  symbol:   method setEmployeeId(java.util.UUID)
  location: variable staff of type com.staffengagement.staff.model.Staff
[ERROR] /C:/myworkbench/projects/staff engagement poc/Staff-Engagement-POC/backend/src/test/java/com/staffengagement/auth/service/JwtServiceTest.java:[76,14] cannot find symbol
  symbol:   method setEmployeeId(java.util.UUID)
  location: variable staff of type com.staffengagement.staff.model.Staff
[ERROR] /C:/myworkbench/projects/staff engagement poc/Staff-Engagement-POC/backend/src/test/java/com/staffengagement/task/controller/TaskControllerTest.java:[62,27] cannot find symbol
  symbol:   method setEmployeeId(java.util.UUID)
  location: variable authenticatedStaff of type com.staffengagement.staff.model.Staff
[ERROR] /C:/myworkbench/projects/staff engagement poc/Staff-Engagement-POC/backend/src/test/java/com/staffengagement/task/controller/TaskControllerTest.java:[78,16] constructor TaskResponse in record com.staffengagement.task.dto.TaskResponse cannot be applied to given types;
  required: java.util.UUID,java.util.UUID,java.util.UUID,java.lang.String,java.lang.String,java.lang.String,java.time.LocalDate,java.time.LocalDateTime
  found:    java.util.UUID,java.util.UUID,<nulltype>,java.util.UUID,java.util.UUID,java.lang.String,java.lang.String,java.lang.String,java.time.LocalDate,java.time.LocalDateTime
  reason: actual and formal argument lists differ in length
[ERROR] /C:/myworkbench/projects/staff engagement poc/Staff-Engagement-POC/backend/src/test/java/com/staffengagement/task/controller/TaskControllerTest.java:[97,25] method create in interface com.staffengagement.task.service.TaskService cannot be applied to given types;
  required: com.staffengagement.task.dto.CreateTaskRequest
  found:    com.staffengagement.task.dto.CreateTaskRequest,java.util.UUID
  reason: actual and formal argument lists differ in length
[ERROR] /C:/myworkbench/projects/staff engagement poc/Staff-Engagement-POC/backend/src/test/java/com/staffengagement/task/controller/TaskControllerTest.java:[99,37] constructor CreateTaskRequest in record com.staffengagement.task.dto.CreateTaskRequest cannot be applied to given types;
  required: java.util.UUID,java.util.UUID,java.lang.String,java.lang.String,java.time.LocalDate
  found:    java.util.UUID,<nulltype>,java.util.UUID,java.lang.String,java.lang.String,java.time.LocalDate
  reason: actual and formal argument lists differ in length
[ERROR] /C:/myworkbench/projects/staff engagement poc/Staff-Engagement-POC/backend/src/test/java/com/staffengagement/task/controller/TaskControllerTest.java:[183,25] cannot find symbol
  symbol:   method findByAssigneeId(java.util.UUID,java.lang.Object)
  location: variable taskService of type com.staffengagement.task.service.TaskService
[ERROR] /C:/myworkbench/projects/staff engagement poc/Staff-Engagement-POC/backend/src/test/java/com/staffengagement/task/controller/TaskControllerTest.java:[210,25] cannot find symbol
  symbol:   method findByCreatorId(java.util.UUID,java.lang.Object)
  location: variable taskService of type com.staffengagement.task.service.TaskService
[ERROR] /C:/myworkbench/projects/staff engagement poc/Staff-Engagement-POC/backend/src/test/java/com/staffengagement/task/controller/TaskControllerTest.java:[249,33] constructor TaskResponse in record com.staffengagement.task.dto.TaskResponse cannot be applied to given types;
  required: java.util.UUID,java.util.UUID,java.util.UUID,java.lang.String,java.lang.String,java.lang.String,java.time.LocalDate,java.time.LocalDateTime
  found:    java.util.UUID,java.util.UUID,<nulltype>,java.util.UUID,java.util.UUID,java.lang.String,java.lang.String,java.lang.String,<nulltype>,java.time.LocalDateTime
  reason: actual and formal argument lists differ in length
[ERROR] /C:/myworkbench/projects/staff engagement poc/Staff-Engagement-POC/backend/src/test/java/com/staffengagement/task/controller/TaskControllerTest.java:[253,25] method updateStatus in interface com.staffengagement.task.service.TaskService cannot be applied to given types;
  required: java.util.UUID,java.lang.String
  found:    java.util.UUID,java.lang.String,java.util.UUID
  reason: actual and formal argument lists differ in length
[ERROR] /C:/myworkbench/projects/staff engagement poc/Staff-Engagement-POC/backend/src/test/java/com/staffengagement/task/controller/TaskControllerTest.java:[269,25] method updateStatus in interface com.staffengagement.task.service.TaskService cannot be applied to given types;
  required: java.util.UUID,java.lang.String
  found:    java.util.UUID,java.lang.String,java.util.UUID
  reason: actual and formal argument lists differ in length
[ERROR] /C:/myworkbench/projects/staff engagement poc/Staff-Engagement-POC/backend/src/test/java/com/staffengagement/task/controller/TaskControllerTest.java:[286,25] method updateStatus in interface com.staffengagement.task.service.TaskService cannot be applied to given types;
  required: java.util.UUID,java.lang.String
  found:    java.util.UUID,java.lang.String,java.util.UUID
  reason: actual and formal argument lists differ in length
[ERROR] /C:/myworkbench/projects/staff engagement poc/Staff-Engagement-POC/backend/src/test/java/com/staffengagement/task/controller/TaskControllerTest.java:[306,25] method updateStatus in interface com.staffengagement.task.service.TaskService cannot be applied to given types;
  required: java.util.UUID,java.lang.String
  found:    java.util.UUID,java.lang.String,java.util.UUID
  reason: actual and formal argument lists differ in length
[ERROR] /C:/myworkbench/projects/staff engagement poc/Staff-Engagement-POC/backend/src/test/java/com/staffengagement/task/integration/TaskAssignmentIntegrationTest.java:[88,16] cannot find symbol
  symbol:   method setEmployeeId(java.util.UUID)
  location: variable creator of type com.staffengagement.staff.model.Staff
[ERROR] /C:/myworkbench/projects/staff engagement poc/Staff-Engagement-POC/backend/src/test/java/com/staffengagement/task/integration/TaskAssignmentIntegrationTest.java:[97,17] cannot find symbol
  symbol:   method setEmployeeId(java.util.UUID)
  location: variable assignee of type com.staffengagement.staff.model.Staff
[ERROR] /C:/myworkbench/projects/staff engagement poc/Staff-Engagement-POC/backend/src/test/java/com/staffengagement/task/integration/TaskAssignmentIntegrationTest.java:[113,29] constructor CreateTaskRequest in record com.staffengagement.task.dto.CreateTaskRequest cannot be applied to given types;
  required: java.util.UUID,java.util.UUID,java.lang.String,java.lang.String,java.time.LocalDate
  found:    java.util.UUID,<nulltype>,java.util.UUID,java.lang.String,java.lang.String,java.time.LocalDate
  reason: actual and formal argument lists differ in length
[ERROR] /C:/myworkbench/projects/staff engagement poc/Staff-Engagement-POC/backend/src/test/java/com/staffengagement/task/integration/TaskAssignmentIntegrationTest.java:[337,23] constructor CreateTaskRequest in record com.staffengagement.task.dto.CreateTaskRequest cannot be applied to given types;
  required: java.util.UUID,java.util.UUID,java.lang.String,java.lang.String,java.time.LocalDate
  found:    java.util.UUID,<nulltype>,java.util.UUID,java.lang.String,java.lang.String,java.time.LocalDate
  reason: actual and formal argument lists differ in length
[ERROR] /C:/myworkbench/projects/staff engagement poc/Staff-Engagement-POC/backend/src/test/java/com/staffengagement/task/property/TaskAssignmentPropertyTest.java:[68,39] constructor StaffResponse in record com.staffengagement.staff.dto.StaffResponse cannot be applied to given types;
  required: java.util.UUID,java.lang.String,com.staffengagement.staff.model.StaffRole,boolean,java.time.LocalDateTime
  found:    java.util.UUID,java.util.UUID,java.lang.String,com.staffengagement.staff.model.StaffRole,boolean,java.time.LocalDateTime
  reason: actual and formal argument lists differ in length
[ERROR] /C:/myworkbench/projects/staff engagement poc/Staff-Engagement-POC/backend/src/test/java/com/staffengagement/task/property/TaskAssignmentPropertyTest.java:[83,60] constructor CreateTaskRequest in record com.staffengagement.task.dto.CreateTaskRequest cannot be applied to given types;
  required: java.util.UUID,java.util.UUID,java.lang.String,java.lang.String,java.time.LocalDate
  found:    java.util.UUID,java.util.UUID,java.util.UUID,java.lang.String,java.lang.String,java.time.LocalDate
  reason: actual and formal argument lists differ in length
[ERROR] /C:/myworkbench/projects/staff engagement poc/Staff-Engagement-POC/backend/src/test/java/com/staffengagement/task/property/TaskAssignmentPropertyTest.java:[93,45] method create in interface com.staffengagement.task.service.TaskService cannot be applied to given types;
  required: com.staffengagement.task.dto.CreateTaskRequest
  found:    com.staffengagement.task.dto.CreateTaskRequest,java.util.UUID
  reason: actual and formal argument lists differ in length
[ERROR] /C:/myworkbench/projects/staff engagement poc/Staff-Engagement-POC/backend/src/test/java/com/staffengagement/task/property/TaskAssignmentPropertyTest.java:[116,41] constructor StaffResponse in record com.staffengagement.staff.dto.StaffResponse cannot be applied to given types;
  required: java.util.UUID,java.lang.String,com.staffengagement.staff.model.StaffRole,boolean,java.time.LocalDateTime
  found:    java.util.UUID,java.util.UUID,java.lang.String,com.staffengagement.staff.model.StaffRole,boolean,java.time.LocalDateTime
  reason: actual and formal argument lists differ in length
[ERROR] /C:/myworkbench/projects/staff engagement poc/Staff-Engagement-POC/backend/src/test/java/com/staffengagement/task/property/TaskAssignmentPropertyTest.java:[127,45] method create in interface com.staffengagement.task.service.TaskService cannot be applied to given types;
  required: com.staffengagement.task.dto.CreateTaskRequest
  found:    com.staffengagement.task.dto.CreateTaskRequest,java.util.UUID
  reason: actual and formal argument lists differ in length
[ERROR] /C:/myworkbench/projects/staff engagement poc/Staff-Engagement-POC/backend/src/test/java/com/staffengagement/task/property/TaskAssignmentPropertyTest.java:[150,39] constructor StaffResponse in record com.staffengagement.staff.dto.StaffResponse cannot be applied to given types;
  required: java.util.UUID,java.lang.String,com.staffengagement.staff.model.StaffRole,boolean,java.time.LocalDateTime
  found:    java.util.UUID,java.util.UUID,java.lang.String,com.staffengagement.staff.model.StaffRole,boolean,java.time.LocalDateTime
  reason: actual and formal argument lists differ in length
[ERROR] /C:/myworkbench/projects/staff engagement poc/Staff-Engagement-POC/backend/src/test/java/com/staffengagement/task/property/TaskAssignmentPropertyTest.java:[161,42] constructor StaffResponse in record com.staffengagement.staff.dto.StaffResponse cannot be applied to given types;
  required: java.util.UUID,java.lang.String,com.staffengagement.staff.model.StaffRole,boolean,java.time.LocalDateTime
  found:    java.util.UUID,java.util.UUID,java.lang.String,com.staffengagement.staff.model.StaffRole,boolean,java.time.LocalDateTime
  reason: actual and formal argument lists differ in length
[ERROR] /C:/myworkbench/projects/staff engagement poc/Staff-Engagement-POC/backend/src/test/java/com/staffengagement/task/property/TaskAssignmentPropertyTest.java:[172,57] constructor CreateTaskRequest in record com.staffengagement.task.dto.CreateTaskRequest cannot be applied to given types;
  required: java.util.UUID,java.util.UUID,java.lang.String,java.lang.String,java.time.LocalDate
  found:    java.util.UUID,java.util.UUID,java.util.UUID,java.lang.String,java.lang.String,java.time.LocalDate
  reason: actual and formal argument lists differ in length
[ERROR] /C:/myworkbench/projects/staff engagement poc/Staff-Engagement-POC/backend/src/test/java/com/staffengagement/task/property/TaskAssignmentPropertyTest.java:[182,45] method create in interface com.staffengagement.task.service.TaskService cannot be applied to given types;
  required: com.staffengagement.task.dto.CreateTaskRequest
  found:    com.staffengagement.task.dto.CreateTaskRequest,java.util.UUID
  reason: actual and formal argument lists differ in length
[ERROR] /C:/myworkbench/projects/staff engagement poc/Staff-Engagement-POC/backend/src/test/java/com/staffengagement/task/property/TaskAssignmentPropertyTest.java:[218,25] constructor CreateTaskRequest in record com.staffengagement.task.dto.CreateTaskRequest cannot be applied to given types;
  required: java.util.UUID,java.util.UUID,java.lang.String,java.lang.String,java.time.LocalDate
  found:    java.util.UUID,java.util.UUID,java.util.UUID,java.lang.String,java.lang.String,java.time.LocalDate
  reason: actual and formal argument lists differ in length
[ERROR] /C:/myworkbench/projects/staff engagement poc/Staff-Engagement-POC/backend/src/test/java/com/staffengagement/task/property/TaskCreationPropertyTest.java:[66,39] constructor StaffResponse in record com.staffengagement.staff.dto.StaffResponse cannot be applied to given types;
  required: java.util.UUID,java.lang.String,com.staffengagement.staff.model.StaffRole,boolean,java.time.LocalDateTime
  found:    java.util.UUID,java.util.UUID,java.lang.String,com.staffengagement.staff.model.StaffRole,boolean,java.time.LocalDateTime
  reason: actual and formal argument lists differ in length
[ERROR] /C:/myworkbench/projects/staff engagement poc/Staff-Engagement-POC/backend/src/test/java/com/staffengagement/task/property/TaskCreationPropertyTest.java:[69,24] cannot find symbol
  symbol:   method assigneeId()
  location: variable request of type com.staffengagement.task.dto.CreateTaskRequest
[ERROR] /C:/myworkbench/projects/staff engagement poc/Staff-Engagement-POC/backend/src/test/java/com/staffengagement/task/property/TaskCreationPropertyTest.java:[72,43] cannot find symbol
  symbol:   method assigneeId()
  location: variable request of type com.staffengagement.task.dto.CreateTaskRequest
[ERROR] /C:/myworkbench/projects/staff engagement poc/Staff-Engagement-POC/backend/src/test/java/com/staffengagement/task/property/TaskCreationPropertyTest.java:[75,44] method create in interface com.staffengagement.task.service.TaskService cannot be applied to given types;
  required: com.staffengagement.task.dto.CreateTaskRequest
  found:    com.staffengagement.task.dto.CreateTaskRequest,java.util.UUID
  reason: actual and formal argument lists differ in length
[ERROR] /C:/myworkbench/projects/staff engagement poc/Staff-Engagement-POC/backend/src/test/java/com/staffengagement/task/property/TaskCreationPropertyTest.java:[80,28] cannot find symbol
  symbol:   method assigneeId()
  location: variable response of type com.staffengagement.task.dto.TaskResponse
[ERROR] /C:/myworkbench/projects/staff engagement poc/Staff-Engagement-POC/backend/src/test/java/com/staffengagement/task/property/TaskCreationPropertyTest.java:[80,60] cannot find symbol
  symbol:   method assigneeId()
  location: variable request of type com.staffengagement.task.dto.CreateTaskRequest
[ERROR] /C:/myworkbench/projects/staff engagement poc/Staff-Engagement-POC/backend/src/test/java/com/staffengagement/task/property/TaskCreationPropertyTest.java:[81,28] cannot find symbol
  symbol:   method creatorId()
  location: variable response of type com.staffengagement.task.dto.TaskResponse
[ERROR] /C:/myworkbench/projects/staff engagement poc/Staff-Engagement-POC/backend/src/test/java/com/staffengagement/task/property/TaskCreationPropertyTest.java:[118,21] incompatible types: invalid constructor reference
    constructor CreateTaskRequest in record com.staffengagement.task.dto.CreateTaskRequest cannot be applied to given types
      required: java.util.UUID,java.util.UUID,java.lang.String,java.lang.String,java.time.LocalDate
      found:    java.util.UUID,java.util.UUID,java.util.UUID,java.lang.String,java.lang.String,java.time.LocalDate
      reason: actual and formal argument lists differ in length
[ERROR] /C:/myworkbench/projects/staff engagement poc/Staff-Engagement-POC/backend/src/test/java/com/staffengagement/task/property/TaskQueryPropertyTest.java:[70,55] cannot find symbol
  symbol:   method getAssigneeId()
  location: variable t of type com.staffengagement.task.model.Task
[ERROR] /C:/myworkbench/projects/staff engagement poc/Staff-Engagement-POC/backend/src/test/java/com/staffengagement/task/property/TaskQueryPropertyTest.java:[74,24] cannot find symbol
  symbol:   method findByAssigneeId(java.util.UUID,org.springframework.data.domain.Sort)
  location: variable repository of type com.staffengagement.task.repository.TaskRepository
[ERROR] /C:/myworkbench/projects/staff engagement poc/Staff-Engagement-POC/backend/src/test/java/com/staffengagement/task/property/TaskQueryPropertyTest.java:[78,48] cannot find symbol
  symbol:   method findByAssigneeId(java.util.UUID,java.lang.String)
  location: variable taskService of type com.staffengagement.task.service.TaskService
[ERROR] /C:/myworkbench/projects/staff engagement poc/Staff-Engagement-POC/backend/src/test/java/com/staffengagement/task/property/TaskQueryPropertyTest.java:[89,32] cannot find symbol
  symbol:   method assigneeId()
  location: variable response of type com.staffengagement.task.dto.TaskResponse
[ERROR] /C:/myworkbench/projects/staff engagement poc/Staff-Engagement-POC/backend/src/test/java/com/staffengagement/task/property/TaskQueryPropertyTest.java:[112,54] cannot find symbol
  symbol:   method getCreatorId()
  location: variable t of type com.staffengagement.task.model.Task
[ERROR] /C:/myworkbench/projects/staff engagement poc/Staff-Engagement-POC/backend/src/test/java/com/staffengagement/task/property/TaskQueryPropertyTest.java:[116,24] cannot find symbol
  symbol:   method findByCreatorId(java.util.UUID,org.springframework.data.domain.Sort)
  location: variable repository of type com.staffengagement.task.repository.TaskRepository
[ERROR] /C:/myworkbench/projects/staff engagement poc/Staff-Engagement-POC/backend/src/test/java/com/staffengagement/task/property/TaskQueryPropertyTest.java:[120,48] cannot find symbol
  symbol:   method findByCreatorId(java.util.UUID,java.lang.String)
  location: variable taskService of type com.staffengagement.task.service.TaskService
[ERROR] /C:/myworkbench/projects/staff engagement poc/Staff-Engagement-POC/backend/src/test/java/com/staffengagement/task/property/TaskQueryPropertyTest.java:[131,32] cannot find symbol
  symbol:   method creatorId()
  location: variable response of type com.staffengagement.task.dto.TaskResponse
[ERROR] /C:/myworkbench/projects/staff engagement poc/Staff-Engagement-POC/backend/src/test/java/com/staffengagement/task/property/TaskQueryPropertyTest.java:[219,25] no suitable constructor found for Task(java.util.UUID,java.util.UUID,java.util.UUID,java.util.UUID,java.lang.String,java.lang.String,com.staffengagement.task.model.TaskStatus,java.time.LocalDate)
    constructor com.staffengagement.task.model.Task.Task() is not applicable
      (actual and formal argument lists differ in length)
    constructor com.staffengagement.task.model.Task.Task(java.util.UUID,java.util.UUID,java.lang.String,java.lang.String,java.lang.String,java.time.LocalDate) is not applicable
      (actual and formal argument lists differ in length)
[ERROR] /C:/myworkbench/projects/staff engagement poc/Staff-Engagement-POC/backend/src/test/java/com/staffengagement/task/property/TaskQueryPropertyTest.java:[235,25] no suitable constructor found for Task(java.util.UUID,java.util.UUID,java.util.UUID,java.util.UUID,java.lang.String,java.lang.String,com.staffengagement.task.model.TaskStatus,java.time.LocalDate)
    constructor com.staffengagement.task.model.Task.Task() is not applicable
      (actual and formal argument lists differ in length)
    constructor com.staffengagement.task.model.Task.Task(java.util.UUID,java.util.UUID,java.lang.String,java.lang.String,java.lang.String,java.time.LocalDate) is not applicable
      (actual and formal argument lists differ in length)
[ERROR] /C:/myworkbench/projects/staff engagement poc/Staff-Engagement-POC/backend/src/test/java/com/staffengagement/task/property/TaskSortAndStatusPropertyTest.java:[73,24] cannot find symbol
  symbol:   method findByAssigneeId(java.util.UUID,java.lang.Object)
  location: variable repository of type com.staffengagement.task.repository.TaskRepository
[ERROR] /C:/myworkbench/projects/staff engagement poc/Staff-Engagement-POC/backend/src/test/java/com/staffengagement/task/property/TaskSortAndStatusPropertyTest.java:[76,48] cannot find symbol
  symbol:   method findByAssigneeId(java.util.UUID,java.lang.String)
  location: variable taskService of type com.staffengagement.task.service.TaskService
[ERROR] /C:/myworkbench/projects/staff engagement poc/Staff-Engagement-POC/backend/src/test/java/com/staffengagement/task/property/TaskSortAndStatusPropertyTest.java:[115,24] cannot find symbol
  symbol:   method findByAssigneeId(java.util.UUID,java.lang.Object)
  location: variable repository of type com.staffengagement.task.repository.TaskRepository
[ERROR] /C:/myworkbench/projects/staff engagement poc/Staff-Engagement-POC/backend/src/test/java/com/staffengagement/task/property/TaskSortAndStatusPropertyTest.java:[118,48] cannot find symbol
  symbol:   method findByAssigneeId(java.util.UUID,java.lang.String)
  location: variable taskService of type com.staffengagement.task.service.TaskService
[ERROR] /C:/myworkbench/projects/staff engagement poc/Staff-Engagement-POC/backend/src/test/java/com/staffengagement/task/property/TaskSortAndStatusPropertyTest.java:[194,45] method updateStatus in interface com.staffengagement.task.service.TaskService cannot be applied to given types;
  required: java.util.UUID,java.lang.String
  found:    java.util.UUID,java.lang.String,java.util.UUID
  reason: actual and formal argument lists differ in length
[ERROR] /C:/myworkbench/projects/staff engagement poc/Staff-Engagement-POC/backend/src/test/java/com/staffengagement/task/property/TaskSortAndStatusPropertyTest.java:[224,45] method updateStatus in interface com.staffengagement.task.service.TaskService cannot be applied to given types;
  required: java.util.UUID,java.lang.String
  found:    java.util.UUID,java.lang.String,java.util.UUID
  reason: actual and formal argument lists differ in length
[ERROR] /C:/myworkbench/projects/staff engagement poc/Staff-Engagement-POC/backend/src/test/java/com/staffengagement/task/property/TaskSortAndStatusPropertyTest.java:[232,21] no suitable constructor found for Task(java.util.UUID,<nulltype>,java.util.UUID,java.util.UUID,java.lang.String,java.lang.String,com.staffengagement.task.model.TaskStatus,<nulltype>)
    constructor com.staffengagement.task.model.Task.Task() is not applicable
      (actual and formal argument lists differ in length)
    constructor com.staffengagement.task.model.Task.Task(java.util.UUID,java.util.UUID,java.lang.String,java.lang.String,java.lang.String,java.time.LocalDate) is not applicable
      (actual and formal argument lists differ in length)
[ERROR] /C:/myworkbench/projects/staff engagement poc/Staff-Engagement-POC/backend/src/test/java/com/staffengagement/task/property/TaskSortAndStatusPropertyTest.java:[275,25] no suitable constructor found for Task(java.util.UUID,<nulltype>,java.util.UUID,java.util.UUID,java.lang.String,<nulltype>,com.staffengagement.task.model.TaskStatus,<nulltype>)
    constructor com.staffengagement.task.model.Task.Task() is not applicable
      (actual and formal argument lists differ in length)
    constructor com.staffengagement.task.model.Task.Task(java.util.UUID,java.util.UUID,java.lang.String,java.lang.String,java.lang.String,java.time.LocalDate) is not applicable
      (actual and formal argument lists differ in length)
[ERROR] /C:/myworkbench/projects/staff engagement poc/Staff-Engagement-POC/backend/src/test/java/com/staffengagement/task/property/TaskValidationPropertyTest.java:[51,23] constructor CreateTaskRequest in record com.staffengagement.task.dto.CreateTaskRequest cannot be applied to given types;
  required: java.util.UUID,java.util.UUID,java.lang.String,java.lang.String,java.time.LocalDate
  found:    java.util.UUID,<nulltype>,java.util.UUID,java.lang.String,java.lang.String,java.time.LocalDate
  reason: actual and formal argument lists differ in length
[ERROR] /C:/myworkbench/projects/staff engagement poc/Staff-Engagement-POC/backend/src/test/java/com/staffengagement/task/property/TaskValidationPropertyTest.java:[66,23] constructor CreateTaskRequest in record com.staffengagement.task.dto.CreateTaskRequest cannot be applied to given types;
  required: java.util.UUID,java.util.UUID,java.lang.String,java.lang.String,java.time.LocalDate
  found:    java.util.UUID,<nulltype>,java.util.UUID,java.lang.String,java.lang.String,java.time.LocalDate
  reason: actual and formal argument lists differ in length
[ERROR] /C:/myworkbench/projects/staff engagement poc/Staff-Engagement-POC/backend/src/test/java/com/staffengagement/task/property/TaskValidationPropertyTest.java:[81,23] constructor CreateTaskRequest in record com.staffengagement.task.dto.CreateTaskRequest cannot be applied to given types;
  required: java.util.UUID,java.util.UUID,java.lang.String,java.lang.String,java.time.LocalDate
  found:    java.util.UUID,<nulltype>,java.util.UUID,java.lang.String,java.lang.String,java.time.LocalDate
  reason: actual and formal argument lists differ in length
[ERROR] /C:/myworkbench/projects/staff engagement poc/Staff-Engagement-POC/backend/src/test/java/com/staffengagement/task/property/TaskValidationPropertyTest.java:[96,23] constructor CreateTaskRequest in record com.staffengagement.task.dto.CreateTaskRequest cannot be applied to given types;
  required: java.util.UUID,java.util.UUID,java.lang.String,java.lang.String,java.time.LocalDate
  found:    java.util.UUID,<nulltype>,<nulltype>,java.lang.String,java.lang.String,java.time.LocalDate
  reason: actual and formal argument lists differ in length
[ERROR] /C:/myworkbench/projects/staff engagement poc/Staff-Engagement-POC/backend/src/test/java/com/staffengagement/task/property/TaskValidationPropertyTest.java:[149,23] constructor CreateTaskRequest in record com.staffengagement.task.dto.CreateTaskRequest cannot be applied to given types;
  required: java.util.UUID,java.util.UUID,java.lang.String,java.lang.String,java.time.LocalDate
  found:    java.util.UUID,<nulltype>,java.util.UUID,java.lang.String,java.lang.String,java.time.LocalDate
  reason: actual and formal argument lists differ in length
[ERROR] /C:/myworkbench/projects/staff engagement poc/Staff-Engagement-POC/backend/src/test/java/com/staffengagement/task/property/TaskValidationPropertyTest.java:[170,23] constructor CreateTaskRequest in record com.staffengagement.task.dto.CreateTaskRequest cannot be applied to given types;
  required: java.util.UUID,java.util.UUID,java.lang.String,java.lang.String,java.time.LocalDate
  found:    java.util.UUID,<nulltype>,java.util.UUID,java.lang.String,java.lang.String,java.time.LocalDate
  reason: actual and formal argument lists differ in length
[ERROR] /C:/myworkbench/projects/staff engagement poc/Staff-Engagement-POC/backend/src/test/java/com/staffengagement/task/property/TaskValidationPropertyTest.java:[179,29] constructor StaffResponse in record com.staffengagement.staff.dto.StaffResponse cannot be applied to given types;
  required: java.util.UUID,java.lang.String,com.staffengagement.staff.model.StaffRole,boolean,java.time.LocalDateTime
  found:    java.util.UUID,java.util.UUID,java.lang.String,com.staffengagement.staff.model.StaffRole,boolean,java.time.LocalDateTime
  reason: actual and formal argument lists differ in length
[ERROR] /C:/myworkbench/projects/staff engagement poc/Staff-Engagement-POC/backend/src/test/java/com/staffengagement/task/property/TaskValidationPropertyTest.java:[181,30] constructor StaffResponse in record com.staffengagement.staff.dto.StaffResponse cannot be applied to given types;
  required: java.util.UUID,java.lang.String,com.staffengagement.staff.model.StaffRole,boolean,java.time.LocalDateTime
  found:    java.util.UUID,java.util.UUID,java.lang.String,com.staffengagement.staff.model.StaffRole,boolean,java.time.LocalDateTime
  reason: actual and formal argument lists differ in length
[INFO] 61 errors 
[INFO] -------------------------------------------------------------
[INFO] ------------------------------------------------------------------------
[INFO] BUILD FAILURE
[INFO] ------------------------------------------------------------------------
[INFO] Total time:  9.316 s
[INFO] Finished at: 2026-06-26T10:23:41+02:00
[INFO] ------------------------------------------------------------------------
[ERROR] Failed to execute goal org.apache.maven.plugins:maven-compiler-plugin:3.13.0:testCompile (default-testCompile) on project staff-engagement-backend: Compilation failure: Compilation failure: 
[ERROR] /C:/myworkbench/projects/staff engagement poc/Staff-Engagement-POC/backend/src/test/java/com/staffengagement/auth/service/AuthServiceTest.java:[50,14] cannot find symbol
[ERROR]   symbol:   method setEmployeeId(java.util.UUID)
[ERROR]   location: variable staff of type com.staffengagement.staff.model.Staff
[ERROR] /C:/myworkbench/projects/staff engagement poc/Staff-Engagement-POC/backend/src/test/java/com/staffengagement/auth/service/JwtServiceTest.java:[76,14] cannot find symbol
[ERROR]   symbol:   method setEmployeeId(java.util.UUID)
[ERROR]   location: variable staff of type com.staffengagement.staff.model.Staff
[ERROR] /C:/myworkbench/projects/staff engagement poc/Staff-Engagement-POC/backend/src/test/java/com/staffengagement/task/controller/TaskControllerTest.java:[62,27] cannot find symbol
[ERROR]   symbol:   method setEmployeeId(java.util.UUID)
[ERROR]   location: variable authenticatedStaff of type com.staffengagement.staff.model.Staff
[ERROR] /C:/myworkbench/projects/staff engagement poc/Staff-Engagement-POC/backend/src/test/java/com/staffengagement/task/controller/TaskControllerTest.java:[78,16] constructor TaskResponse in record com.staffengagement.task.dto.TaskResponse cannot be applied to given types;
[ERROR]   required: java.util.UUID,java.util.UUID,java.util.UUID,java.lang.String,java.lang.String,java.lang.String,java.time.LocalDate,java.time.LocalDateTime
[ERROR]   found:    java.util.UUID,java.util.UUID,<nulltype>,java.util.UUID,java.util.UUID,java.lang.String,java.lang.String,java.lang.String,java.time.LocalDate,java.time.LocalDateTime
[ERROR]   reason: actual and formal argument lists differ in length
[ERROR] /C:/myworkbench/projects/staff engagement poc/Staff-Engagement-POC/backend/src/test/java/com/staffengagement/task/controller/TaskControllerTest.java:[97,25] method create in interface com.staffengagement.task.service.TaskService cannot be applied to given types;
[ERROR]   required: com.staffengagement.task.dto.CreateTaskRequest
[ERROR]   found:    com.staffengagement.task.dto.CreateTaskRequest,java.util.UUID
[ERROR]   reason: actual and formal argument lists differ in length
[ERROR] /C:/myworkbench/projects/staff engagement poc/Staff-Engagement-POC/backend/src/test/java/com/staffengagement/task/controller/TaskControllerTest.java:[99,37] constructor CreateTaskRequest in record com.staffengagement.task.dto.CreateTaskRequest cannot be applied to given types;
[ERROR]   required: java.util.UUID,java.util.UUID,java.lang.String,java.lang.String,java.time.LocalDate
[ERROR]   found:    java.util.UUID,<nulltype>,java.util.UUID,java.lang.String,java.lang.String,java.time.LocalDate
[ERROR]   reason: actual and formal argument lists differ in length
[ERROR] /C:/myworkbench/projects/staff engagement poc/Staff-Engagement-POC/backend/src/test/java/com/staffengagement/task/controller/TaskControllerTest.java:[183,25] cannot find symbol
[ERROR]   symbol:   method findByAssigneeId(java.util.UUID,java.lang.Object)
[ERROR]   location: variable taskService of type com.staffengagement.task.service.TaskService
[ERROR] /C:/myworkbench/projects/staff engagement poc/Staff-Engagement-POC/backend/src/test/java/com/staffengagement/task/controller/TaskControllerTest.java:[210,25] cannot find symbol
[ERROR]   symbol:   method findByCreatorId(java.util.UUID,java.lang.Object)
[ERROR]   location: variable taskService of type com.staffengagement.task.service.TaskService
[ERROR] /C:/myworkbench/projects/staff engagement poc/Staff-Engagement-POC/backend/src/test/java/com/staffengagement/task/controller/TaskControllerTest.java:[249,33] constructor TaskResponse in record com.staffengagement.task.dto.TaskResponse cannot be applied to given types;
[ERROR]   required: java.util.UUID,java.util.UUID,java.util.UUID,java.lang.String,java.lang.String,java.lang.String,java.time.LocalDate,java.time.LocalDateTime
[ERROR]   found:    java.util.UUID,java.util.UUID,<nulltype>,java.util.UUID,java.util.UUID,java.lang.String,java.lang.String,java.lang.String,<nulltype>,java.time.LocalDateTime
[ERROR]   reason: actual and formal argument lists differ in length
[ERROR] /C:/myworkbench/projects/staff engagement poc/Staff-Engagement-POC/backend/src/test/java/com/staffengagement/task/controller/TaskControllerTest.java:[253,25] method updateStatus in interface com.staffengagement.task.service.TaskService cannot be applied to given types;
[ERROR]   required: java.util.UUID,java.lang.String
[ERROR]   found:    java.util.UUID,java.lang.String,java.util.UUID
[ERROR]   reason: actual and formal argument lists differ in length
[ERROR] /C:/myworkbench/projects/staff engagement poc/Staff-Engagement-POC/backend/src/test/java/com/staffengagement/task/controller/TaskControllerTest.java:[269,25] method updateStatus in interface com.staffengagement.task.service.TaskService cannot be applied to given types;
[ERROR]   required: java.util.UUID,java.lang.String
[ERROR]   found:    java.util.UUID,java.lang.String,java.util.UUID
[ERROR]   reason: actual and formal argument lists differ in length
[ERROR] /C:/myworkbench/projects/staff engagement poc/Staff-Engagement-POC/backend/src/test/java/com/staffengagement/task/controller/TaskControllerTest.java:[286,25] method updateStatus in interface com.staffengagement.task.service.TaskService cannot be applied to given types;
[ERROR]   required: java.util.UUID,java.lang.String
[ERROR]   found:    java.util.UUID,java.lang.String,java.util.UUID
[ERROR]   reason: actual and formal argument lists differ in length
[ERROR] /C:/myworkbench/projects/staff engagement poc/Staff-Engagement-POC/backend/src/test/java/com/staffengagement/task/controller/TaskControllerTest.java:[306,25] method updateStatus in interface com.staffengagement.task.service.TaskService cannot be applied to given types;
[ERROR]   required: java.util.UUID,java.lang.String
[ERROR]   found:    java.util.UUID,java.lang.String,java.util.UUID
[ERROR]   reason: actual and formal argument lists differ in length
[ERROR] /C:/myworkbench/projects/staff engagement poc/Staff-Engagement-POC/backend/src/test/java/com/staffengagement/task/integration/TaskAssignmentIntegrationTest.java:[88,16] cannot find symbol
[ERROR]   symbol:   method setEmployeeId(java.util.UUID)
[ERROR]   location: variable creator of type com.staffengagement.staff.model.Staff
[ERROR] /C:/myworkbench/projects/staff engagement poc/Staff-Engagement-POC/backend/src/test/java/com/staffengagement/task/integration/TaskAssignmentIntegrationTest.java:[97,17] cannot find symbol
[ERROR]   symbol:   method setEmployeeId(java.util.UUID)
[ERROR]   location: variable assignee of type com.staffengagement.staff.model.Staff
[ERROR] /C:/myworkbench/projects/staff engagement poc/Staff-Engagement-POC/backend/src/test/java/com/staffengagement/task/integration/TaskAssignmentIntegrationTest.java:[113,29] constructor CreateTaskRequest in record com.staffengagement.task.dto.CreateTaskRequest cannot be applied to given types;
[ERROR]   required: java.util.UUID,java.util.UUID,java.lang.String,java.lang.String,java.time.LocalDate
[ERROR]   found:    java.util.UUID,<nulltype>,java.util.UUID,java.lang.String,java.lang.String,java.time.LocalDate
[ERROR]   reason: actual and formal argument lists differ in length
[ERROR] /C:/myworkbench/projects/staff engagement poc/Staff-Engagement-POC/backend/src/test/java/com/staffengagement/task/integration/TaskAssignmentIntegrationTest.java:[337,23] constructor CreateTaskRequest in record com.staffengagement.task.dto.CreateTaskRequest cannot be applied to given types;
[ERROR]   required: java.util.UUID,java.util.UUID,java.lang.String,java.lang.String,java.time.LocalDate
[ERROR]   found:    java.util.UUID,<nulltype>,java.util.UUID,java.lang.String,java.lang.String,java.time.LocalDate
[ERROR]   reason: actual and formal argument lists differ in length
[ERROR] /C:/myworkbench/projects/staff engagement poc/Staff-Engagement-POC/backend/src/test/java/com/staffengagement/task/property/TaskAssignmentPropertyTest.java:[68,39] constructor StaffResponse in record com.staffengagement.staff.dto.StaffResponse cannot be applied to given types;
[ERROR]   required: java.util.UUID,java.lang.String,com.staffengagement.staff.model.StaffRole,boolean,java.time.LocalDateTime
[ERROR]   found:    java.util.UUID,java.util.UUID,java.lang.String,com.staffengagement.staff.model.StaffRole,boolean,java.time.LocalDateTime
[ERROR]   reason: actual and formal argument lists differ in length
[ERROR] /C:/myworkbench/projects/staff engagement poc/Staff-Engagement-POC/backend/src/test/java/com/staffengagement/task/property/TaskAssignmentPropertyTest.java:[83,60] constructor CreateTaskRequest in record com.staffengagement.task.dto.CreateTaskRequest cannot be applied to given types;
[ERROR]   required: java.util.UUID,java.util.UUID,java.lang.String,java.lang.String,java.time.LocalDate
[ERROR]   found:    java.util.UUID,java.util.UUID,java.util.UUID,java.lang.String,java.lang.String,java.time.LocalDate
[ERROR]   reason: actual and formal argument lists differ in length
[ERROR] /C:/myworkbench/projects/staff engagement poc/Staff-Engagement-POC/backend/src/test/java/com/staffengagement/task/property/TaskAssignmentPropertyTest.java:[93,45] method create in interface com.staffengagement.task.service.TaskService cannot be applied to given types;
[ERROR]   required: com.staffengagement.task.dto.CreateTaskRequest
[ERROR]   found:    com.staffengagement.task.dto.CreateTaskRequest,java.util.UUID
[ERROR]   reason: actual and formal argument lists differ in length
[ERROR] /C:/myworkbench/projects/staff engagement poc/Staff-Engagement-POC/backend/src/test/java/com/staffengagement/task/property/TaskAssignmentPropertyTest.java:[116,41] constructor StaffResponse in record com.staffengagement.staff.dto.StaffResponse cannot be applied to given types;
[ERROR]   required: java.util.UUID,java.lang.String,com.staffengagement.staff.model.StaffRole,boolean,java.time.LocalDateTime
[ERROR]   found:    java.util.UUID,java.util.UUID,java.lang.String,com.staffengagement.staff.model.StaffRole,boolean,java.time.LocalDateTime
[ERROR]   reason: actual and formal argument lists differ in length
[ERROR] /C:/myworkbench/projects/staff engagement poc/Staff-Engagement-POC/backend/src/test/java/com/staffengagement/task/property/TaskAssignmentPropertyTest.java:[127,45] method create in interface com.staffengagement.task.service.TaskService cannot be applied to given types;
[ERROR]   required: com.staffengagement.task.dto.CreateTaskRequest
[ERROR]   found:    com.staffengagement.task.dto.CreateTaskRequest,java.util.UUID
[ERROR]   reason: actual and formal argument lists differ in length
[ERROR] /C:/myworkbench/projects/staff engagement poc/Staff-Engagement-POC/backend/src/test/java/com/staffengagement/task/property/TaskAssignmentPropertyTest.java:[150,39] constructor StaffResponse in record com.staffengagement.staff.dto.StaffResponse cannot be applied to given types;
[ERROR]   required: java.util.UUID,java.lang.String,com.staffengagement.staff.model.StaffRole,boolean,java.time.LocalDateTime
[ERROR]   found:    java.util.UUID,java.util.UUID,java.lang.String,com.staffengagement.staff.model.StaffRole,boolean,java.time.LocalDateTime
[ERROR]   reason: actual and formal argument lists differ in length
[ERROR] /C:/myworkbench/projects/staff engagement poc/Staff-Engagement-POC/backend/src/test/java/com/staffengagement/task/property/TaskAssignmentPropertyTest.java:[161,42] constructor StaffResponse in record com.staffengagement.staff.dto.StaffResponse cannot be applied to given types;
[ERROR]   required: java.util.UUID,java.lang.String,com.staffengagement.staff.model.StaffRole,boolean,java.time.LocalDateTime
[ERROR]   found:    java.util.UUID,java.util.UUID,java.lang.String,com.staffengagement.staff.model.StaffRole,boolean,java.time.LocalDateTime
[ERROR]   reason: actual and formal argument lists differ in length
[ERROR] /C:/myworkbench/projects/staff engagement poc/Staff-Engagement-POC/backend/src/test/java/com/staffengagement/task/property/TaskAssignmentPropertyTest.java:[172,57] constructor CreateTaskRequest in record com.staffengagement.task.dto.CreateTaskRequest cannot be applied to given types;
[ERROR]   required: java.util.UUID,java.util.UUID,java.lang.String,java.lang.String,java.time.LocalDate
[ERROR]   found:    java.util.UUID,java.util.UUID,java.util.UUID,java.lang.String,java.lang.String,java.time.LocalDate
[ERROR]   reason: actual and formal argument lists differ in length
[ERROR] /C:/myworkbench/projects/staff engagement poc/Staff-Engagement-POC/backend/src/test/java/com/staffengagement/task/property/TaskAssignmentPropertyTest.java:[182,45] method create in interface com.staffengagement.task.service.TaskService cannot be applied to given types;
[ERROR]   required: com.staffengagement.task.dto.CreateTaskRequest
[ERROR]   found:    com.staffengagement.task.dto.CreateTaskRequest,java.util.UUID
[ERROR]   reason: actual and formal argument lists differ in length
[ERROR] /C:/myworkbench/projects/staff engagement poc/Staff-Engagement-POC/backend/src/test/java/com/staffengagement/task/property/TaskAssignmentPropertyTest.java:[218,25] constructor CreateTaskRequest in record com.staffengagement.task.dto.CreateTaskRequest cannot be applied to given types;
[ERROR]   required: java.util.UUID,java.util.UUID,java.lang.String,java.lang.String,java.time.LocalDate
[ERROR]   found:    java.util.UUID,java.util.UUID,java.util.UUID,java.lang.String,java.lang.String,java.time.LocalDate
[ERROR]   reason: actual and formal argument lists differ in length
[ERROR] /C:/myworkbench/projects/staff engagement poc/Staff-Engagement-POC/backend/src/test/java/com/staffengagement/task/property/TaskCreationPropertyTest.java:[66,39] constructor StaffResponse in record com.staffengagement.staff.dto.StaffResponse cannot be applied to given types;
[ERROR]   required: java.util.UUID,java.lang.String,com.staffengagement.staff.model.StaffRole,boolean,java.time.LocalDateTime
[ERROR]   found:    java.util.UUID,java.util.UUID,java.lang.String,com.staffengagement.staff.model.StaffRole,boolean,java.time.LocalDateTime
[ERROR]   reason: actual and formal argument lists differ in length
[ERROR] /C:/myworkbench/projects/staff engagement poc/Staff-Engagement-POC/backend/src/test/java/com/staffengagement/task/property/TaskCreationPropertyTest.java:[69,24] cannot find symbol
[ERROR]   symbol:   method assigneeId()
[ERROR]   location: variable request of type com.staffengagement.task.dto.CreateTaskRequest
[ERROR] /C:/myworkbench/projects/staff engagement poc/Staff-Engagement-POC/backend/src/test/java/com/staffengagement/task/property/TaskCreationPropertyTest.java:[72,43] cannot find symbol
[ERROR]   symbol:   method assigneeId()
[ERROR]   location: variable request of type com.staffengagement.task.dto.CreateTaskRequest
[ERROR] /C:/myworkbench/projects/staff engagement poc/Staff-Engagement-POC/backend/src/test/java/com/staffengagement/task/property/TaskCreationPropertyTest.java:[75,44] method create in interface com.staffengagement.task.service.TaskService cannot be applied to given types;
[ERROR]   required: com.staffengagement.task.dto.CreateTaskRequest
[ERROR]   found:    com.staffengagement.task.dto.CreateTaskRequest,java.util.UUID
[ERROR]   reason: actual and formal argument lists differ in length
[ERROR] /C:/myworkbench/projects/staff engagement poc/Staff-Engagement-POC/backend/src/test/java/com/staffengagement/task/property/TaskCreationPropertyTest.java:[80,28] cannot find symbol
[ERROR]   symbol:   method assigneeId()
[ERROR]   location: variable response of type com.staffengagement.task.dto.TaskResponse
[ERROR] /C:/myworkbench/projects/staff engagement poc/Staff-Engagement-POC/backend/src/test/java/com/staffengagement/task/property/TaskCreationPropertyTest.java:[80,60] cannot find symbol
[ERROR]   symbol:   method assigneeId()
[ERROR]   location: variable request of type com.staffengagement.task.dto.CreateTaskRequest
[ERROR] /C:/myworkbench/projects/staff engagement poc/Staff-Engagement-POC/backend/src/test/java/com/staffengagement/task/property/TaskCreationPropertyTest.java:[81,28] cannot find symbol
[ERROR]   symbol:   method creatorId()
[ERROR]   location: variable response of type com.staffengagement.task.dto.TaskResponse
[ERROR] /C:/myworkbench/projects/staff engagement poc/Staff-Engagement-POC/backend/src/test/java/com/staffengagement/task/property/TaskCreationPropertyTest.java:[118,21] incompatible types: invalid constructor reference
[ERROR]     constructor CreateTaskRequest in record com.staffengagement.task.dto.CreateTaskRequest cannot be applied to given types
[ERROR]       required: java.util.UUID,java.util.UUID,java.lang.String,java.lang.String,java.time.LocalDate
[ERROR]       found:    java.util.UUID,java.util.UUID,java.util.UUID,java.lang.String,java.lang.String,java.time.LocalDate
[ERROR]       reason: actual and formal argument lists differ in length
[ERROR] /C:/myworkbench/projects/staff engagement poc/Staff-Engagement-POC/backend/src/test/java/com/staffengagement/task/property/TaskQueryPropertyTest.java:[70,55] cannot find symbol
[ERROR]   symbol:   method getAssigneeId()
[ERROR]   location: variable t of type com.staffengagement.task.model.Task
[ERROR] /C:/myworkbench/projects/staff engagement poc/Staff-Engagement-POC/backend/src/test/java/com/staffengagement/task/property/TaskQueryPropertyTest.java:[74,24] cannot find symbol
[ERROR]   symbol:   method findByAssigneeId(java.util.UUID,org.springframework.data.domain.Sort)
[ERROR]   location: variable repository of type com.staffengagement.task.repository.TaskRepository
[ERROR] /C:/myworkbench/projects/staff engagement poc/Staff-Engagement-POC/backend/src/test/java/com/staffengagement/task/property/TaskQueryPropertyTest.java:[78,48] cannot find symbol
[ERROR]   symbol:   method findByAssigneeId(java.util.UUID,java.lang.String)
[ERROR]   location: variable taskService of type com.staffengagement.task.service.TaskService
[ERROR] /C:/myworkbench/projects/staff engagement poc/Staff-Engagement-POC/backend/src/test/java/com/staffengagement/task/property/TaskQueryPropertyTest.java:[89,32] cannot find symbol
[ERROR]   symbol:   method assigneeId()
[ERROR]   location: variable response of type com.staffengagement.task.dto.TaskResponse
[ERROR] /C:/myworkbench/projects/staff engagement poc/Staff-Engagement-POC/backend/src/test/java/com/staffengagement/task/property/TaskQueryPropertyTest.java:[112,54] cannot find symbol
[ERROR]   symbol:   method getCreatorId()
[ERROR]   location: variable t of type com.staffengagement.task.model.Task
[ERROR] /C:/myworkbench/projects/staff engagement poc/Staff-Engagement-POC/backend/src/test/java/com/staffengagement/task/property/TaskQueryPropertyTest.java:[116,24] cannot find symbol
[ERROR]   symbol:   method findByCreatorId(java.util.UUID,org.springframework.data.domain.Sort)
[ERROR]   location: variable repository of type com.staffengagement.task.repository.TaskRepository
[ERROR] /C:/myworkbench/projects/staff engagement poc/Staff-Engagement-POC/backend/src/test/java/com/staffengagement/task/property/TaskQueryPropertyTest.java:[120,48] cannot find symbol
[ERROR]   symbol:   method findByCreatorId(java.util.UUID,java.lang.String)
[ERROR]   location: variable taskService of type com.staffengagement.task.service.TaskService
[ERROR] /C:/myworkbench/projects/staff engagement poc/Staff-Engagement-POC/backend/src/test/java/com/staffengagement/task/property/TaskQueryPropertyTest.java:[131,32] cannot find symbol
[ERROR]   symbol:   method creatorId()
[ERROR]   location: variable response of type com.staffengagement.task.dto.TaskResponse
[ERROR] /C:/myworkbench/projects/staff engagement poc/Staff-Engagement-POC/backend/src/test/java/com/staffengagement/task/property/TaskQueryPropertyTest.java:[219,25] no suitable constructor found for Task(java.util.UUID,java.util.UUID,java.util.UUID,java.util.UUID,java.lang.String,java.lang.String,com.staffengagement.task.model.TaskStatus,java.time.LocalDate)
[ERROR]     constructor com.staffengagement.task.model.Task.Task() is not applicable
[ERROR]       (actual and formal argument lists differ in length)
[ERROR]     constructor com.staffengagement.task.model.Task.Task(java.util.UUID,java.util.UUID,java.lang.String,java.lang.String,java.lang.String,java.time.LocalDate) is not applicable
[ERROR]       (actual and formal argument lists differ in length)
[ERROR] /C:/myworkbench/projects/staff engagement poc/Staff-Engagement-POC/backend/src/test/java/com/staffengagement/task/property/TaskQueryPropertyTest.java:[235,25] no suitable constructor found for Task(java.util.UUID,java.util.UUID,java.util.UUID,java.util.UUID,java.lang.String,java.lang.String,com.staffengagement.task.model.TaskStatus,java.time.LocalDate)
[ERROR]     constructor com.staffengagement.task.model.Task.Task() is not applicable
[ERROR]       (actual and formal argument lists differ in length)
[ERROR]     constructor com.staffengagement.task.model.Task.Task(java.util.UUID,java.util.UUID,java.lang.String,java.lang.String,java.lang.String,java.time.LocalDate) is not applicable
[ERROR]       (actual and formal argument lists differ in length)
[ERROR] /C:/myworkbench/projects/staff engagement poc/Staff-Engagement-POC/backend/src/test/java/com/staffengagement/task/property/TaskSortAndStatusPropertyTest.java:[73,24] cannot find symbol
[ERROR]   symbol:   method findByAssigneeId(java.util.UUID,java.lang.Object)
[ERROR]   location: variable repository of type com.staffengagement.task.repository.TaskRepository
[ERROR] /C:/myworkbench/projects/staff engagement poc/Staff-Engagement-POC/backend/src/test/java/com/staffengagement/task/property/TaskSortAndStatusPropertyTest.java:[76,48] cannot find symbol
[ERROR]   symbol:   method findByAssigneeId(java.util.UUID,java.lang.String)
[ERROR]   location: variable taskService of type com.staffengagement.task.service.TaskService
[ERROR] /C:/myworkbench/projects/staff engagement poc/Staff-Engagement-POC/backend/src/test/java/com/staffengagement/task/property/TaskSortAndStatusPropertyTest.java:[115,24] cannot find symbol
[ERROR]   symbol:   method findByAssigneeId(java.util.UUID,java.lang.Object)
[ERROR]   location: variable repository of type com.staffengagement.task.repository.TaskRepository
[ERROR] /C:/myworkbench/projects/staff engagement poc/Staff-Engagement-POC/backend/src/test/java/com/staffengagement/task/property/TaskSortAndStatusPropertyTest.java:[118,48] cannot find symbol
[ERROR]   symbol:   method findByAssigneeId(java.util.UUID,java.lang.String)
[ERROR]   location: variable taskService of type com.staffengagement.task.service.TaskService
[ERROR] /C:/myworkbench/projects/staff engagement poc/Staff-Engagement-POC/backend/src/test/java/com/staffengagement/task/property/TaskSortAndStatusPropertyTest.java:[194,45] method updateStatus in interface com.staffengagement.task.service.TaskService cannot be applied to given types;
[ERROR]   required: java.util.UUID,java.lang.String
[ERROR]   found:    java.util.UUID,java.lang.String,java.util.UUID
[ERROR]   reason: actual and formal argument lists differ in length
[ERROR] /C:/myworkbench/projects/staff engagement poc/Staff-Engagement-POC/backend/src/test/java/com/staffengagement/task/property/TaskSortAndStatusPropertyTest.java:[224,45] method updateStatus in interface com.staffengagement.task.service.TaskService cannot be applied to given types;
[ERROR]   required: java.util.UUID,java.lang.String
[ERROR]   found:    java.util.UUID,java.lang.String,java.util.UUID
[ERROR]   reason: actual and formal argument lists differ in length
[ERROR] /C:/myworkbench/projects/staff engagement poc/Staff-Engagement-POC/backend/src/test/java/com/staffengagement/task/property/TaskSortAndStatusPropertyTest.java:[232,21] no suitable constructor found for Task(java.util.UUID,<nulltype>,java.util.UUID,java.util.UUID,java.lang.String,java.lang.String,com.staffengagement.task.model.TaskStatus,<nulltype>)
[ERROR]     constructor com.staffengagement.task.model.Task.Task() is not applicable
[ERROR]       (actual and formal argument lists differ in length)
[ERROR]     constructor com.staffengagement.task.model.Task.Task(java.util.UUID,java.util.UUID,java.lang.String,java.lang.String,java.lang.String,java.time.LocalDate) is not applicable
[ERROR]       (actual and formal argument lists differ in length)
[ERROR] /C:/myworkbench/projects/staff engagement poc/Staff-Engagement-POC/backend/src/test/java/com/staffengagement/task/property/TaskSortAndStatusPropertyTest.java:[275,25] no suitable constructor found for Task(java.util.UUID,<nulltype>,java.util.UUID,java.util.UUID,java.lang.String,<nulltype>,com.staffengagement.task.model.TaskStatus,<nulltype>)
[ERROR]     constructor com.staffengagement.task.model.Task.Task() is not applicable
[ERROR]       (actual and formal argument lists differ in length)
[ERROR]     constructor com.staffengagement.task.model.Task.Task(java.util.UUID,java.util.UUID,java.lang.String,java.lang.String,java.lang.String,java.time.LocalDate) is not applicable
[ERROR]       (actual and formal argument lists differ in length)
[ERROR] /C:/myworkbench/projects/staff engagement poc/Staff-Engagement-POC/backend/src/test/java/com/staffengagement/task/property/TaskValidationPropertyTest.java:[51,23] constructor CreateTaskRequest in record com.staffengagement.task.dto.CreateTaskRequest cannot be applied to given types;
[ERROR]   required: java.util.UUID,java.util.UUID,java.lang.String,java.lang.String,java.time.LocalDate
[ERROR]   found:    java.util.UUID,<nulltype>,java.util.UUID,java.lang.String,java.lang.String,java.time.LocalDate
[ERROR]   reason: actual and formal argument lists differ in length
[ERROR] /C:/myworkbench/projects/staff engagement poc/Staff-Engagement-POC/backend/src/test/java/com/staffengagement/task/property/TaskValidationPropertyTest.java:[66,23] constructor CreateTaskRequest in record com.staffengagement.task.dto.CreateTaskRequest cannot be applied to given types;
[ERROR]   required: java.util.UUID,java.util.UUID,java.lang.String,java.lang.String,java.time.LocalDate
[ERROR]   found:    java.util.UUID,<nulltype>,java.util.UUID,java.lang.String,java.lang.String,java.time.LocalDate
[ERROR]   reason: actual and formal argument lists differ in length
[ERROR] /C:/myworkbench/projects/staff engagement poc/Staff-Engagement-POC/backend/src/test/java/com/staffengagement/task/property/TaskValidationPropertyTest.java:[81,23] constructor CreateTaskRequest in record com.staffengagement.task.dto.CreateTaskRequest cannot be applied to given types;
[ERROR]   required: java.util.UUID,java.util.UUID,java.lang.String,java.lang.String,java.time.LocalDate
[ERROR]   found:    java.util.UUID,<nulltype>,java.util.UUID,java.lang.String,java.lang.String,java.time.LocalDate
[ERROR]   reason: actual and formal argument lists differ in length
[ERROR] /C:/myworkbench/projects/staff engagement poc/Staff-Engagement-POC/backend/src/test/java/com/staffengagement/task/property/TaskValidationPropertyTest.java:[96,23] constructor CreateTaskRequest in record com.staffengagement.task.dto.CreateTaskRequest cannot be applied to given types;
[ERROR]   required: java.util.UUID,java.util.UUID,java.lang.String,java.lang.String,java.time.LocalDate
[ERROR]   found:    java.util.UUID,<nulltype>,<nulltype>,java.lang.String,java.lang.String,java.time.LocalDate
[ERROR]   reason: actual and formal argument lists differ in length
[ERROR] /C:/myworkbench/projects/staff engagement poc/Staff-Engagement-POC/backend/src/test/java/com/staffengagement/task/property/TaskValidationPropertyTest.java:[149,23] constructor CreateTaskRequest in record com.staffengagement.task.dto.CreateTaskRequest cannot be applied to given types;
[ERROR]   required: java.util.UUID,java.util.UUID,java.lang.String,java.lang.String,java.time.LocalDate
[ERROR]   found:    java.util.UUID,<nulltype>,java.util.UUID,java.lang.String,java.lang.String,java.time.LocalDate
[ERROR]   reason: actual and formal argument lists differ in length
[ERROR] /C:/myworkbench/projects/staff engagement poc/Staff-Engagement-POC/backend/src/test/java/com/staffengagement/task/property/TaskValidationPropertyTest.java:[170,23] constructor CreateTaskRequest in record com.staffengagement.task.dto.CreateTaskRequest cannot be applied to given types;
[ERROR]   required: java.util.UUID,java.util.UUID,java.lang.String,java.lang.String,java.time.LocalDate
[ERROR]   found:    java.util.UUID,<nulltype>,java.util.UUID,java.lang.String,java.lang.String,java.time.LocalDate
[ERROR]   reason: actual and formal argument lists differ in length
[ERROR] /C:/myworkbench/projects/staff engagement poc/Staff-Engagement-POC/backend/src/test/java/com/staffengagement/task/property/TaskValidationPropertyTest.java:[179,29] constructor StaffResponse in record com.staffengagement.staff.dto.StaffResponse cannot be applied to given types;
[ERROR]   required: java.util.UUID,java.lang.String,com.staffengagement.staff.model.StaffRole,boolean,java.time.LocalDateTime
[ERROR]   found:    java.util.UUID,java.util.UUID,java.lang.String,com.staffengagement.staff.model.StaffRole,boolean,java.time.LocalDateTime
[ERROR]   reason: actual and formal argument lists differ in length
[ERROR] /C:/myworkbench/projects/staff engagement poc/Staff-Engagement-POC/backend/src/test/java/com/staffengagement/task/property/TaskValidationPropertyTest.java:[181,30] constructor StaffResponse in record com.staffengagement.staff.dto.StaffResponse cannot be applied to given types;
[ERROR]   required: java.util.UUID,java.lang.String,com.staffengagement.staff.model.StaffRole,boolean,java.time.LocalDateTime
[ERROR]   found:    java.util.UUID,java.util.UUID,java.lang.String,com.staffengagement.staff.model.StaffRole,boolean,java.time.LocalDateTime
[ERROR]   reason: actual and formal argument lists differ in length
[ERROR] -> [Help 1]
[ERROR] 
[ERROR] To see the full stack trace of the errors, re-run Maven with the -e switch.
[ERROR] Re-run Maven using the -X switch to enable full debug logging.
[ERROR] 
[ERROR] For more information about the errors and possible solutions, please read the following articles:
[ERROR] [Help 1] http://cwiki.apache.org/confluence/display/MAVEN/MojoFailureException
