[INFO] Scanning for projects...
[WARNING] 
[WARNING] Some problems were encountered while building the effective model for com.staffengagement:staff-engagement-backend:jar:0.0.1-SNAPSHOT
[WARNING] 'dependencies.dependency.(groupId:artifactId:type:classifier)' must be unique: net.jqwik:jqwik:jar -> duplicate declaration of version 1.9.2 @ line 116, column 21
[WARNING] 
[WARNING] It is highly recommended to fix these problems because they threaten the stability of your build.
[WARNING] 
[WARNING] For this reason, future Maven versions might no longer support building such malformed projects.
[WARNING] 
[INFO] 
[INFO] ------------< com.staffengagement:staff-engagement-backend >------------
[INFO] Building Staff Engagement Backend 0.0.1-SNAPSHOT
[INFO]   from pom.xml
[INFO] --------------------------------[ jar ]---------------------------------
[INFO] 
[INFO] --- jacoco:0.8.12:prepare-agent (prepare-agent) @ staff-engagement-backend ---
[INFO] argLine set to -javaagent:C:\\Users\\liam.maroney\\.m2\\repository\\org\\jacoco\\org.jacoco.agent\\0.8.12\\org.jacoco.agent-0.8.12-runtime.jar=destfile=C:\\myworkbench\\ai_training\\Staff-Engagement-POC\\backend\\target\\jacoco.exec
[INFO] 
[INFO] --- resources:3.3.1:resources (default-resources) @ staff-engagement-backend ---
[INFO] Copying 1 resource from src\main\resources to target\classes
[INFO] Copying 13 resources from src\main\resources to target\classes
[INFO] 
[INFO] --- compiler:3.13.0:compile (default-compile) @ staff-engagement-backend ---
[INFO] Nothing to compile - all classes are up to date.
[INFO] 
[INFO] --- resources:3.3.1:testResources (default-testResources) @ staff-engagement-backend ---
[INFO] Copying 1 resource from src\test\resources to target\test-classes
[INFO] 
[INFO] --- compiler:3.13.0:testCompile (default-testCompile) @ staff-engagement-backend ---
[INFO] Nothing to compile - all classes are up to date.
[INFO] 
[INFO] --- surefire:3.5.2:test (default-test) @ staff-engagement-backend ---
[INFO] Using auto detected provider org.apache.maven.surefire.junitplatform.JUnitPlatformProvider
[INFO] 
[INFO] -------------------------------------------------------
[INFO]  T E S T S
[INFO] -------------------------------------------------------
mvn : Jul 01, 2026 5:44:38 PM net.jqwik.engine.descriptor.DiscoverySupport 
lambda$findTestTags$0
At line:1 char:64
+ ... \ai_training\Staff-Engagement-POC\backend" ; mvn test -B 2>&1 | Out-F ...
+                                                  ~~~~~~~~~~~~~~~~
    + CategoryInfo          : NotSpecified: (Jul 01, 2026 5:...$findTestTags$0 
   :String) [], RemoteException
    + FullyQualifiedErrorId : NativeCommandError
 
WARNING: Invalid tag format in @Tag("Feature: interaction-module, Property 4: 
employeeId and staffId immutability on update") on [void com.staffengagement.in
teraction.service.InteractionServicePropertyTest.updatePreservesOriginalEmploye
eIdAndStaffId(java.util.UUID,java.util.UUID,com.staffengagement.interaction.mod
el.InteractionType,java.time.LocalDateTime)]. Tag will be ignored
Jul 01, 2026 5:44:38 PM net.jqwik.engine.descriptor.DiscoverySupport 
lambda$findTestTags$0
WARNING: Invalid tag format in @Tag("Feature: interaction-module, Property 15: 
createdAt equals updatedAt on fresh creation") on [void com.staffengagement.int
eraction.service.InteractionServicePropertyTest.createdAtEqualsUpdatedAtOnFresh
Creation(java.util.UUID,java.util.UUID,com.staffengagement.interaction.model.In
teractionType,java.time.LocalDateTime)]. Tag will be ignored
Jul 01, 2026 5:44:38 PM net.jqwik.engine.descriptor.DiscoverySupport 
lambda$findTestTags$0
WARNING: Invalid tag format in @Tag("Feature: interaction-module, Property 9: 
Page size capped at 100") on [void com.staffengagement.interaction.service.Inte
ractionServicePropertyTest.pageSizeCappedAt100(int)]. Tag will be ignored
Jul 01, 2026 5:44:38 PM net.jqwik.engine.descriptor.DiscoverySupport 
lambda$findTestTags$0
WARNING: Invalid tag format in @Tag("Feature: interaction-module, Property 2: 
Invalid interaction type rejection") on [void com.staffengagement.interaction.s
ervice.InteractionServicePropertyTest.invalidInteractionTypeIsRejected(java.lan
g.String)]. Tag will be ignored
Jul 01, 2026 5:44:38 PM net.jqwik.engine.descriptor.DiscoverySupport 
lambda$findTestTags$0
WARNING: Invalid tag format in @Tag("Feature: interaction-module, Property 5: 
createdAt immutability and updatedAt advancement") on [void com.staffengagement
.interaction.service.InteractionServicePropertyTest.createdAtImmutableAndUpdate
dAtAdvances(java.util.UUID,java.util.UUID,int,com.staffengagement.interaction.m
odel.InteractionType,java.time.LocalDateTime)]. Tag will be ignored
Jul 01, 2026 5:44:38 PM net.jqwik.engine.descriptor.DiscoverySupport 
lambda$findTestTags$0
WARNING: Invalid tag format in @Tag("Feature: interaction-module, Property 11: 
List ordering by occurredAt descending") on [void com.staffengagement.interacti
on.service.InteractionServicePropertyTest.listOrderedByOccurredAtDescending(int
)]. Tag will be ignored
Jul 01, 2026 5:44:38 PM net.jqwik.engine.descriptor.DiscoverySupport 
lambda$findTestTags$0
WARNING: Invalid tag format in @Tag("Feature: interaction-module, Property 14: 
Notes preview truncation") on [void com.staffengagement.interaction.service.Int
eractionServicePropertyTest.notesPreviewTruncation(java.lang.String)]. Tag 
will be ignored
Jul 01, 2026 5:44:38 PM net.jqwik.engine.descriptor.DiscoverySupport 
lambda$findTestTags$0
WARNING: Invalid tag format in @Tag("Feature: interaction-module, Property 10: 
Combined filter AND semantics") on [void com.staffengagement.interaction.servic
e.InteractionServicePropertyTest.combinedFiltersUseAndSemantics(java.util.UUID,
com.staffengagement.interaction.model.InteractionType,java.time.LocalDateTime,j
ava.time.LocalDateTime)]. Tag will be ignored
Jul 01, 2026 5:44:39 PM net.jqwik.engine.descriptor.DiscoverySupport 
lambda$findTestTags$0
WARNING: Invalid tag format in @Tag("Feature: interaction-module, Property 3: 
Future occurredAt rejection") on [void com.staffengagement.interaction.service.
InteractionServicePropertyTest.futureOccurredAtIsRejected(java.time.LocalDateTi
me)]. Tag will be ignored
Jul 01, 2026 5:44:39 PM net.jqwik.engine.descriptor.DiscoverySupport 
lambda$findTestTags$0
WARNING: Invalid tag format in @Tag("Feature: interaction-module, Property 8: 
Pagination metadata consistency") on [void com.staffengagement.interaction.serv
ice.InteractionServicePropertyTest.paginationMetadataIsConsistent(int,int)]. 
Tag will be ignored
Jul 01, 2026 5:44:39 PM net.jqwik.engine.descriptor.DiscoverySupport 
lambda$findTestTags$0
WARNING: Invalid tag format in @Tag("Feature: interaction-module, Property 7: 
Field length limit enforcement") on [void com.staffengagement.interaction.servi
ce.InteractionServicePropertyTest.fieldLengthLimitsEnforced(java.lang.String,ja
va.lang.String,java.lang.String)]. Tag will be ignored
Jul 01, 2026 5:44:39 PM net.jqwik.engine.descriptor.DiscoverySupport 
lambda$findTestTags$0
WARNING: Invalid tag format in @Tag("Feature: interaction-module, Property 4: 
employeeId and staffId immutability on update") on [void com.staffengagement.in
teraction.service.InteractionServicePropertyTest.updatePreservesOriginalEmploye
eIdAndStaffId(java.util.UUID,java.util.UUID,com.staffengagement.interaction.mod
el.InteractionType,java.time.LocalDateTime)]. Tag will be ignored
Jul 01, 2026 5:44:39 PM net.jqwik.engine.descriptor.DiscoverySupport 
lambda$findTestTags$0
WARNING: Invalid tag format in @Tag("Feature: interaction-module, Property 15: 
createdAt equals updatedAt on fresh creation") on [void com.staffengagement.int
eraction.service.InteractionServicePropertyTest.createdAtEqualsUpdatedAtOnFresh
Creation(java.util.UUID,java.util.UUID,com.staffengagement.interaction.model.In
teractionType,java.time.LocalDateTime)]. Tag will be ignored
Jul 01, 2026 5:44:39 PM net.jqwik.engine.descriptor.DiscoverySupport 
lambda$findTestTags$0
WARNING: Invalid tag format in @Tag("Feature: interaction-module, Property 9: 
Page size capped at 100") on [void com.staffengagement.interaction.service.Inte
ractionServicePropertyTest.pageSizeCappedAt100(int)]. Tag will be ignored
Jul 01, 2026 5:44:39 PM net.jqwik.engine.descriptor.DiscoverySupport 
lambda$findTestTags$0
WARNING: Invalid tag format in @Tag("Feature: interaction-module, Property 2: 
Invalid interaction type rejection") on [void com.staffengagement.interaction.s
ervice.InteractionServicePropertyTest.invalidInteractionTypeIsRejected(java.lan
g.String)]. Tag will be ignored
Jul 01, 2026 5:44:39 PM net.jqwik.engine.descriptor.DiscoverySupport 
lambda$findTestTags$0
WARNING: Invalid tag format in @Tag("Feature: interaction-module, Property 5: 
createdAt immutability and updatedAt advancement") on [void com.staffengagement
.interaction.service.InteractionServicePropertyTest.createdAtImmutableAndUpdate
dAtAdvances(java.util.UUID,java.util.UUID,int,com.staffengagement.interaction.m
odel.InteractionType,java.time.LocalDateTime)]. Tag will be ignored
Jul 01, 2026 5:44:39 PM net.jqwik.engine.descriptor.DiscoverySupport 
lambda$findTestTags$0
WARNING: Invalid tag format in @Tag("Feature: interaction-module, Property 11: 
List ordering by occurredAt descending") on [void com.staffengagement.interacti
on.service.InteractionServicePropertyTest.listOrderedByOccurredAtDescending(int
)]. Tag will be ignored
Jul 01, 2026 5:44:39 PM net.jqwik.engine.descriptor.DiscoverySupport 
lambda$findTestTags$0
WARNING: Invalid tag format in @Tag("Feature: interaction-module, Property 14: 
Notes preview truncation") on [void com.staffengagement.interaction.service.Int
eractionServicePropertyTest.notesPreviewTruncation(java.lang.String)]. Tag 
will be ignored
Jul 01, 2026 5:44:39 PM net.jqwik.engine.descriptor.DiscoverySupport 
lambda$findTestTags$0
WARNING: Invalid tag format in @Tag("Feature: interaction-module, Property 10: 
Combined filter AND semantics") on [void com.staffengagement.interaction.servic
e.InteractionServicePropertyTest.combinedFiltersUseAndSemantics(java.util.UUID,
com.staffengagement.interaction.model.InteractionType,java.time.LocalDateTime,j
ava.time.LocalDateTime)]. Tag will be ignored
Jul 01, 2026 5:44:39 PM net.jqwik.engine.descriptor.DiscoverySupport 
lambda$findTestTags$0
WARNING: Invalid tag format in @Tag("Feature: interaction-module, Property 3: 
Future occurredAt rejection") on [void com.staffengagement.interaction.service.
InteractionServicePropertyTest.futureOccurredAtIsRejected(java.time.LocalDateTi
me)]. Tag will be ignored
Jul 01, 2026 5:44:39 PM net.jqwik.engine.descriptor.DiscoverySupport 
lambda$findTestTags$0
WARNING: Invalid tag format in @Tag("Feature: interaction-module, Property 8: 
Pagination metadata consistency") on [void com.staffengagement.interaction.serv
ice.InteractionServicePropertyTest.paginationMetadataIsConsistent(int,int)]. 
Tag will be ignored
Jul 01, 2026 5:44:39 PM net.jqwik.engine.descriptor.DiscoverySupport 
lambda$findTestTags$0
WARNING: Invalid tag format in @Tag("Feature: interaction-module, Property 7: 
Field length limit enforcement") on [void com.staffengagement.interaction.servi
ce.InteractionServicePropertyTest.fieldLengthLimitsEnforced(java.lang.String,ja
va.lang.String,java.lang.String)]. Tag will be ignored
17:44:39.591 [main] INFO org.testcontainers.DockerClientFactory -- Testcontainers version: 1.20.4
17:44:40.128 [main] INFO org.testcontainers.dockerclient.DockerClientProviderStrategy -- Loaded org.testcontainers.dockerclient.NpipeSocketClientProviderStrategy from ~/.testcontainers.properties, will try it first
17:44:40.142 [main] INFO org.testcontainers.dockerclient.DockerMachineClientProviderStrategy -- docker-machine executable was not found on PATH ([C:\Program Files\Common Files\Oracle\Java\javapath, C:\myprograms\Java\java_version_11\bin, C:\WINDOWS\system32, C:\WINDOWS, C:\WINDOWS\System32\Wbem, C:\WINDOWS\System32\WindowsPowerShell\v1.0\, C:\WINDOWS\System32\OpenSSH\, C:\myprograms\PostgreSQL\15\bin, C:\myprograms\PostgreSQL\15\lib, C:\myprograms\Ant\apache-ant-1.10.14\bin, C:\myprograms\Nvm\nvm, C:\myprograms\node, C:\myprograms\Terraform, C:\Program Files\Docker\Docker\resources\bin, C:\myprograms\Git\cmd, C:\myprograms\ClaudeCode\, C:\myprograms\Spring\spring-4.0.6\bin, C:\Program Files\GitHub CLI\, C:\myprograms\IntelliJ IDEA Community Edition 2023.3.3\plugins\maven\lib\maven3\bin, C:\Users\liam.maroney\AppData\Local\Programs\Python\Python313\Scripts\, C:\Users\liam.maroney\AppData\Local\Programs\Python\Python313\, C:\Users\liam.maroney\AppData\Local\Programs\Python\Launcher\, C:\Users\liam.maroney\.local\bin, C:\Users\liam.maroney\AppData\Local\Microsoft\WindowsApps, C:\Users\liam.maroney\AppData\Local\JetBrains\Toolbox\scripts, C:\myprograms\Nvm\nvm, C:\myprograms\node, C:\Users\liam.maroney\AppData\Local\Programs\Microsoft VS Code\bin, C:\Users\liam.maroney\.dotnet\tools, C:\Users\liam.maroney\AppData\Local\Microsoft\WindowsApps, C:\myprograms\Kiro\bin, C:\Users\liam.maroney\AppData\Local\Kiro-Cli\])
17:44:40.143 [main] ERROR org.testcontainers.dockerclient.DockerClientProviderStrategy -- Could not find a valid Docker environment. Please check configuration. Attempted configurations were:
As no valid configuration was found, execution cannot continue.
See https://java.testcontainers.org/on_failure.html for more details.
[INFO] Running com.staffengagement.ApplicationContextTest
[WARNING] Tests run: 1, Failures: 0, Errors: 0, Skipped: 1, Time elapsed: 0.006 s -- in com.staffengagement.ApplicationContextTest
[INFO] Running com.staffengagement.auth.controller.AuthControllerTest
17:44:40.295 [main] INFO org.springframework.test.context.support.AnnotationConfigContextLoaderUtils -- Could not detect default configuration classes for test class [com.staffengagement.auth.controller.AuthControllerTest]: AuthControllerTest does not declare any static, non-private, non-final, nested classes annotated with @Configuration.
17:44:40.540 [main] INFO org.springframework.boot.test.context.SpringBootTestContextBootstrapper -- Found @SpringBootConfiguration com.staffengagement.Application for test class com.staffengagement.auth.controller.AuthControllerTest

  .   ____          _            __ _ _
 /\\ / ___'_ __ _ _(_)_ __  __ _ \ \ \ \
( ( )\___ | '_ | '_| | '_ \/ _` | \ \ \ \
 \\/  ___)| |_)| | | | | || (_| |  ) ) ) )
  '  |____| .__|_| |_|_| |_\__, | / / / /
 =========|_|==============|___/=/_/_/_/

 :: Spring Boot ::                (v3.4.1)

2026-07-01T17:44:41.033+02:00  INFO 52300 --- [           main] c.s.auth.controller.AuthControllerTest   : Starting AuthControllerTest using Java 21.0.7 with PID 52300 (started by liam.maroney in C:\myworkbench\ai_training\Staff-Engagement-POC\backend)
2026-07-01T17:44:41.034+02:00  INFO 52300 --- [           main] c.s.auth.controller.AuthControllerTest   : No active profile set, falling back to 1 default profile: "default"
Mockito is currently self-attaching to enable the inline-mock-maker. This will 
no longer work in future releases of the JDK. Please add Mockito as an agent 
to your build what is described in Mockito's documentation: https://javadoc.io/
doc/org.mockito/mockito-core/latest/org/mockito/Mockito.html#0.3
WARNING: A Java agent has been loaded dynamically (C:\Users\liam.maroney\.m2\re
pository\net\bytebuddy\byte-buddy-agent\1.15.11\byte-buddy-agent-1.15.11.jar)
WARNING: If a serviceability tool is in use, please run with 
-XX:+EnableDynamicAgentLoading to hide this warning
WARNING: If a serviceability tool is not in use, please run with 
-Djdk.instrument.traceUsage for more information
WARNING: Dynamic loading of agents will be disallowed by default in a future 
release
Java HotSpot(TM) 64-Bit Server VM warning: Sharing is only supported for boot 
loader classes because bootstrap classpath has been appended
2026-07-01T17:44:52.738+02:00  INFO 52300 --- [           main] eAuthenticationProviderManagerConfigurer : Global AuthenticationManager configured with AuthenticationProvider bean with name authenticationProvider
2026-07-01T17:44:52.740+02:00  WARN 52300 --- [           main] r$InitializeUserDetailsManagerConfigurer : Global AuthenticationManager configured with an AuthenticationProvider bean. UserDetailsService beans will not be used by Spring Security for automatically configuring username/password login. Consider removing the AuthenticationProvider bean. Alternatively, consider using the UserDetailsService in a manually instantiated DaoAuthenticationProvider. If the current configuration is intentional, to turn off this warning, increase the logging level of 'org.springframework.security.config.annotation.authentication.configuration.InitializeUserDetailsBeanManagerConfigurer' to ERROR
2026-07-01T17:44:54.589+02:00  WARN 52300 --- [           main] o.s.aop.framework.CglibAopProxy          : Unable to proxy interface-implementing method [public final void org.springframework.web.filter.OncePerRequestFilter.doFilter(jakarta.servlet.ServletRequest,jakarta.servlet.ServletResponse,jakarta.servlet.FilterChain) throws jakarta.servlet.ServletException,java.io.IOException] because it is marked as final, consider using interface-based JDK proxies instead.
2026-07-01T17:44:54.590+02:00  WARN 52300 --- [           main] o.s.aop.framework.CglibAopProxy          : Unable to proxy interface-implementing method [public final void org.springframework.web.filter.GenericFilterBean.init(jakarta.servlet.FilterConfig) throws jakarta.servlet.ServletException] because it is marked as final, consider using interface-based JDK proxies instead.
2026-07-01T17:44:56.229+02:00  INFO 52300 --- [           main] o.s.b.t.m.w.SpringBootMockServletContext : Initializing Spring TestDispatcherServlet ''
2026-07-01T17:44:56.238+02:00  INFO 52300 --- [           main] o.s.t.web.servlet.TestDispatcherServlet  : Initializing Servlet ''
2026-07-01T17:44:56.254+02:00  INFO 52300 --- [           main] o.s.t.web.servlet.TestDispatcherServlet  : Completed initialization in 12 ms
2026-07-01T17:44:56.334+02:00  INFO 52300 --- [           main] c.s.auth.controller.AuthControllerTest   : Started AuthControllerTest in 15.703 seconds (process running for 18.287)
[INFO] Tests run: 6, Failures: 0, Errors: 0, Skipped: 0, Time elapsed: 17.45 s -- in com.staffengagement.auth.controller.AuthControllerTest
[INFO] Running com.staffengagement.auth.service.AuthServiceTest
[INFO] Tests run: 5, Failures: 0, Errors: 0, Skipped: 0, Time elapsed: 0.455 s -- in com.staffengagement.auth.service.AuthServiceTest
[INFO] Running com.staffengagement.auth.service.JwtServiceTest
[INFO] Tests run: 6, Failures: 0, Errors: 0, Skipped: 0, Time elapsed: 0.329 s -- in com.staffengagement.auth.service.JwtServiceTest
[INFO] Running com.staffengagement.auth.service.RefreshTokenServiceTest
[INFO] Tests run: 7, Failures: 0, Errors: 0, Skipped: 0, Time elapsed: 0.242 s -- in com.staffengagement.auth.service.RefreshTokenServiceTest
[INFO] Running com.staffengagement.employee.controller.EmployeeControllerTest
2026-07-01T17:44:58.810+02:00  INFO 52300 --- [           main] t.c.s.AnnotationConfigContextLoaderUtils : Could not detect default configuration classes for test class [com.staffengagement.employee.controller.EmployeeControllerTest]: EmployeeControllerTest does not declare any static, non-private, non-final, nested classes annotated with @Configuration.
2026-07-01T17:44:58.950+02:00  INFO 52300 --- [           main] .b.t.c.SpringBootTestContextBootstrapper : Found @SpringBootConfiguration com.staffengagement.Application for test class com.staffengagement.employee.controller.EmployeeControllerTest

  .   ____          _            __ _ _
 /\\ / ___'_ __ _ _(_)_ __  __ _ \ \ \ \
( ( )\___ | '_ | '_| | '_ \/ _` | \ \ \ \
 \\/  ___)| |_)| | | | | || (_| |  ) ) ) )
  '  |____| .__|_| |_|_| |_\__, | / / / /
 =========|_|==============|___/=/_/_/_/

 :: Spring Boot ::                (v3.4.1)

2026-07-01T17:44:59.051+02:00  INFO 52300 --- [           main] c.s.e.controller.EmployeeControllerTest  : Starting EmployeeControllerTest using Java 21.0.7 with PID 52300 (started by liam.maroney in C:\myworkbench\ai_training\Staff-Engagement-POC\backend)
2026-07-01T17:44:59.052+02:00  INFO 52300 --- [           main] c.s.e.controller.EmployeeControllerTest  : No active profile set, falling back to 1 default profile: "default"
2026-07-01T17:45:00.586+02:00  WARN 52300 --- [           main] .s.s.UserDetailsServiceAutoConfiguration : 

Using generated security password: aa7a966c-51f2-4c39-bd2c-999632803c10

This generated password is for development use only. Your security configuration must be updated before running your application in production.

2026-07-01T17:45:00.667+02:00  INFO 52300 --- [           main] r$InitializeUserDetailsManagerConfigurer : Global AuthenticationManager configured with UserDetailsService bean with name inMemoryUserDetailsManager
2026-07-01T17:45:01.061+02:00  INFO 52300 --- [           main] o.s.b.t.m.w.SpringBootMockServletContext : Initializing Spring TestDispatcherServlet ''
2026-07-01T17:45:01.061+02:00  INFO 52300 --- [           main] o.s.t.web.servlet.TestDispatcherServlet  : Initializing Servlet ''
2026-07-01T17:45:01.064+02:00  INFO 52300 --- [           main] o.s.t.web.servlet.TestDispatcherServlet  : Completed initialization in 2 ms
2026-07-01T17:45:01.096+02:00  INFO 52300 --- [           main] c.s.e.controller.EmployeeControllerTest  : Started EmployeeControllerTest in 2.137 seconds (process running for 23.049)
[INFO] Tests run: 6, Failures: 0, Errors: 0, Skipped: 0, Time elapsed: 2.652 s -- in com.staffengagement.employee.controller.EmployeeControllerTest
[INFO] Running com.staffengagement.employee.service.EmployeeServiceImplTest
[INFO] Tests run: 2, Failures: 0, Errors: 0, Skipped: 0, Time elapsed: 0.209 s -- in com.staffengagement.employee.service.EmployeeServiceImplTest
2026-07-01T17:45:01.717+02:00  INFO 52300 --- [           main] org.testcontainers.DockerClientFactory   : Testcontainers version: 1.20.4
[INFO] Running com.staffengagement.interaction.controller.InteractionControllerIntegrationTest
[WARNING] Tests run: 18, Failures: 0, Errors: 0, Skipped: 18, Time elapsed: 0.002 s -- in com.staffengagement.interaction.controller.InteractionControllerIntegrationTest
[INFO] Running com.staffengagement.interaction.controller.InteractionControllerTest
2026-07-01T17:45:01.777+02:00  INFO 52300 --- [           main] t.c.s.AnnotationConfigContextLoaderUtils : Could not detect default configuration classes for test class [com.staffengagement.interaction.controller.InteractionControllerTest]: InteractionControllerTest does not declare any static, non-private, non-final, nested classes annotated with @Configuration.
2026-07-01T17:45:01.842+02:00  INFO 52300 --- [           main] .b.t.c.SpringBootTestContextBootstrapper : Found @SpringBootConfiguration com.staffengagement.Application for test class com.staffengagement.interaction.controller.InteractionControllerTest

  .   ____          _            __ _ _
 /\\ / ___'_ __ _ _(_)_ __  __ _ \ \ \ \
( ( )\___ | '_ | '_| | '_ \/ _` | \ \ \ \
 \\/  ___)| |_)| | | | | || (_| |  ) ) ) )
  '  |____| .__|_| |_|_| |_\__, | / / / /
 =========|_|==============|___/=/_/_/_/

 :: Spring Boot ::                (v3.4.1)

2026-07-01T17:45:01.914+02:00  INFO 52300 --- [           main] c.s.i.c.InteractionControllerTest        : Starting InteractionControllerTest using Java 21.0.7 with PID 52300 (started by liam.maroney in C:\myworkbench\ai_training\Staff-Engagement-POC\backend)
2026-07-01T17:45:01.914+02:00  INFO 52300 --- [           main] c.s.i.c.InteractionControllerTest        : No active profile set, falling back to 1 default profile: "default"
2026-07-01T17:45:02.526+02:00  WARN 52300 --- [           main] .s.s.UserDetailsServiceAutoConfiguration : 

Using generated security password: c8f525c3-2548-43cf-a40f-b8787d498e26

This generated password is for development use only. Your security configuration must be updated before running your application in production.

2026-07-01T17:45:02.597+02:00  INFO 52300 --- [           main] r$InitializeUserDetailsManagerConfigurer : Global AuthenticationManager configured with UserDetailsService bean with name inMemoryUserDetailsManager
2026-07-01T17:45:02.943+02:00  INFO 52300 --- [           main] o.s.b.t.m.w.SpringBootMockServletContext : Initializing Spring TestDispatcherServlet ''
2026-07-01T17:45:02.944+02:00  INFO 52300 --- [           main] o.s.t.web.servlet.TestDispatcherServlet  : Initializing Servlet ''
2026-07-01T17:45:02.944+02:00  INFO 52300 --- [           main] o.s.t.web.servlet.TestDispatcherServlet  : Completed initialization in 0 ms
2026-07-01T17:45:02.962+02:00  INFO 52300 --- [           main] c.s.i.c.InteractionControllerTest        : Started InteractionControllerTest in 1.114 seconds (process running for 24.915)
2026-07-01T17:45:03.266+02:00  WARN 52300 --- [           main] ration$PageModule$WarningLoggingModifier : Serializing PageImpl instances as-is is not supported, meaning that there is no guarantee about the stability of the resulting JSON structure!
	For a stable JSON structure, please use Spring Data's PagedModel (globally via @EnableSpringDataWebSupport(pageSerializationMode = VIA_DTO))
	or Spring HATEOAS and Spring Data's PagedResourcesAssembler as documented in https://docs.spring.io/spring-data/commons/reference/repositories/core-extensions.html#core.web.pageables.

[INFO] Tests run: 6, Failures: 0, Errors: 0, Skipped: 0, Time elapsed: 1.650 s -- in com.staffengagement.interaction.controller.InteractionControllerTest
[INFO] Running com.staffengagement.interaction.repository.InteractionSpecificationsTest
[INFO] Tests run: 6, Failures: 0, Errors: 0, Skipped: 0, Time elapsed: 0.035 s -- in com.staffengagement.interaction.repository.InteractionSpecificationsTest
[INFO] Running com.staffengagement.interaction.service.InteractionServiceImplTest
[INFO] Tests run: 15, Failures: 0, Errors: 0, Skipped: 0, Time elapsed: 0.488 s -- in com.staffengagement.interaction.service.InteractionServiceImplTest
[INFO] Running com.staffengagement.portfolio.controller.PortfolioControllerTest
2026-07-01T17:45:03.969+02:00  INFO 52300 --- [           main] t.c.s.AnnotationConfigContextLoaderUtils : Could not detect default configuration classes for test class [com.staffengagement.portfolio.controller.PortfolioControllerTest]: PortfolioControllerTest does not declare any static, non-private, non-final, nested classes annotated with @Configuration.
2026-07-01T17:45:04.039+02:00  INFO 52300 --- [           main] .b.t.c.SpringBootTestContextBootstrapper : Found @SpringBootConfiguration com.staffengagement.Application for test class com.staffengagement.portfolio.controller.PortfolioControllerTest

  .   ____          _            __ _ _
 /\\ / ___'_ __ _ _(_)_ __  __ _ \ \ \ \
( ( )\___ | '_ | '_| | '_ \/ _` | \ \ \ \
 \\/  ___)| |_)| | | | | || (_| |  ) ) ) )
  '  |____| .__|_| |_|_| |_\__, | / / / /
 =========|_|==============|___/=/_/_/_/

 :: Spring Boot ::                (v3.4.1)

2026-07-01T17:45:04.091+02:00  INFO 52300 --- [           main] c.s.p.c.PortfolioControllerTest          : Starting PortfolioControllerTest using Java 21.0.7 with PID 52300 (started by liam.maroney in C:\myworkbench\ai_training\Staff-Engagement-POC\backend)
2026-07-01T17:45:04.092+02:00  INFO 52300 --- [           main] c.s.p.c.PortfolioControllerTest          : No active profile set, falling back to 1 default profile: "default"
2026-07-01T17:45:04.620+02:00  INFO 52300 --- [           main] eAuthenticationProviderManagerConfigurer : Global AuthenticationManager configured with AuthenticationProvider bean with name authenticationProvider
2026-07-01T17:45:04.620+02:00  WARN 52300 --- [           main] r$InitializeUserDetailsManagerConfigurer : Global AuthenticationManager configured with an AuthenticationProvider bean. UserDetailsService beans will not be used by Spring Security for automatically configuring username/password login. Consider removing the AuthenticationProvider bean. Alternatively, consider using the UserDetailsService in a manually instantiated DaoAuthenticationProvider. If the current configuration is intentional, to turn off this warning, increase the logging level of 'org.springframework.security.config.annotation.authentication.configuration.InitializeUserDetailsBeanManagerConfigurer' to ERROR
2026-07-01T17:45:04.851+02:00  INFO 52300 --- [           main] o.s.b.t.m.w.SpringBootMockServletContext : Initializing Spring TestDispatcherServlet ''
2026-07-01T17:45:04.852+02:00  INFO 52300 --- [           main] o.s.t.web.servlet.TestDispatcherServlet  : Initializing Servlet ''
2026-07-01T17:45:04.853+02:00  INFO 52300 --- [           main] o.s.t.web.servlet.TestDispatcherServlet  : Completed initialization in 1 ms
2026-07-01T17:45:04.867+02:00  INFO 52300 --- [           main] c.s.p.c.PortfolioControllerTest          : Started PortfolioControllerTest in 0.823 seconds (process running for 26.82)
[INFO] Tests run: 10, Failures: 0, Errors: 0, Skipped: 0, Time elapsed: 1.270 s -- in com.staffengagement.portfolio.controller.PortfolioControllerTest
[INFO] Running com.staffengagement.portfolio.github.GitHubUrlParserTest
[INFO] Tests run: 21, Failures: 0, Errors: 0, Skipped: 0, Time elapsed: 0.100 s -- in com.staffengagement.portfolio.github.GitHubUrlParserTest
[INFO] Running com.staffengagement.portfolio.github.LanguageAggregatorTest
[INFO] Tests run: 10, Failures: 0, Errors: 0, Skipped: 0, Time elapsed: 0.026 s -- in com.staffengagement.portfolio.github.LanguageAggregatorTest
[INFO] Running com.staffengagement.portfolio.github.LanguageSkillMapperTest
[INFO] Tests run: 10, Failures: 0, Errors: 0, Skipped: 0, Time elapsed: 0.028 s -- in com.staffengagement.portfolio.github.LanguageSkillMapperTest
[INFO] Running com.staffengagement.portfolio.github.ProficiencyRankerTest
[INFO] Tests run: 12, Failures: 0, Errors: 0, Skipped: 0, Time elapsed: 0.048 s -- in com.staffengagement.portfolio.github.ProficiencyRankerTest
[INFO] Running com.staffengagement.portfolio.model.StringListConverterTest
[INFO] Tests run: 7, Failures: 0, Errors: 0, Skipped: 0, Time elapsed: 0.027 s -- in com.staffengagement.portfolio.model.StringListConverterTest
[INFO] Running com.staffengagement.portfolio.service.PortfolioServiceImplTest
[INFO] Tests run: 25, Failures: 0, Errors: 0, Skipped: 0, Time elapsed: 0.884 s -- in com.staffengagement.portfolio.service.PortfolioServiceImplTest
[INFO] Running com.staffengagement.portfolio.validation.DateRangeValidatorTest
[INFO] Tests run: 6, Failures: 0, Errors: 0, Skipped: 0, Time elapsed: 0.106 s -- in com.staffengagement.portfolio.validation.DateRangeValidatorTest
[INFO] Running com.staffengagement.portfolio.validation.ProficiencyValidatorTest
[INFO] Tests run: 14, Failures: 0, Errors: 0, Skipped: 0, Time elapsed: 0.053 s -- in com.staffengagement.portfolio.validation.ProficiencyValidatorTest
[INFO] Running com.staffengagement.portfolio.validation.UrlValidatorTest
[INFO] Tests run: 15, Failures: 0, Errors: 0, Skipped: 0, Time elapsed: 0.039 s -- in com.staffengagement.portfolio.validation.UrlValidatorTest
[INFO] Running com.staffengagement.shared.config.JwtAuthenticationFilterTest
[INFO] Tests run: 6, Failures: 0, Errors: 0, Skipped: 0, Time elapsed: 0.720 s -- in com.staffengagement.shared.config.JwtAuthenticationFilterTest
[INFO] Running com.staffengagement.shared.exception.GlobalExceptionHandlerTest
[INFO] Tests run: 14, Failures: 0, Errors: 0, Skipped: 0, Time elapsed: 0.505 s -- in com.staffengagement.shared.exception.GlobalExceptionHandlerTest
[INFO] Running com.staffengagement.skills.controller.SkillControllerTest
2026-07-01T17:45:07.856+02:00  INFO 52300 --- [           main] t.c.s.AnnotationConfigContextLoaderUtils : Could not detect default configuration classes for test class [com.staffengagement.skills.controller.SkillControllerTest]: SkillControllerTest does not declare any static, non-private, non-final, nested classes annotated with @Configuration.
2026-07-01T17:45:07.930+02:00  INFO 52300 --- [           main] .b.t.c.SpringBootTestContextBootstrapper : Found @SpringBootConfiguration com.staffengagement.Application for test class com.staffengagement.skills.controller.SkillControllerTest

  .   ____          _            __ _ _
 /\\ / ___'_ __ _ _(_)_ __  __ _ \ \ \ \
( ( )\___ | '_ | '_| | '_ \/ _` | \ \ \ \
 \\/  ___)| |_)| | | | | || (_| |  ) ) ) )
  '  |____| .__|_| |_|_| |_\__, | / / / /
 =========|_|==============|___/=/_/_/_/

 :: Spring Boot ::                (v3.4.1)

2026-07-01T17:45:07.994+02:00  INFO 52300 --- [           main] c.s.s.controller.SkillControllerTest     : Starting SkillControllerTest using Java 21.0.7 with PID 52300 (started by liam.maroney in C:\myworkbench\ai_training\Staff-Engagement-POC\backend)
2026-07-01T17:45:07.994+02:00  INFO 52300 --- [           main] c.s.s.controller.SkillControllerTest     : No active profile set, falling back to 1 default profile: "default"
2026-07-01T17:45:08.458+02:00  INFO 52300 --- [           main] eAuthenticationProviderManagerConfigurer : Global AuthenticationManager configured with AuthenticationProvider bean with name authenticationProvider
2026-07-01T17:45:08.459+02:00  WARN 52300 --- [           main] r$InitializeUserDetailsManagerConfigurer : Global AuthenticationManager configured with an AuthenticationProvider bean. UserDetailsService beans will not be used by Spring Security for automatically configuring username/password login. Consider removing the AuthenticationProvider bean. Alternatively, consider using the UserDetailsService in a manually instantiated DaoAuthenticationProvider. If the current configuration is intentional, to turn off this warning, increase the logging level of 'org.springframework.security.config.annotation.authentication.configuration.InitializeUserDetailsBeanManagerConfigurer' to ERROR
2026-07-01T17:45:08.740+02:00  INFO 52300 --- [           main] o.s.b.t.m.w.SpringBootMockServletContext : Initializing Spring TestDispatcherServlet ''
2026-07-01T17:45:08.740+02:00  INFO 52300 --- [           main] o.s.t.web.servlet.TestDispatcherServlet  : Initializing Servlet ''
2026-07-01T17:45:08.741+02:00  INFO 52300 --- [           main] o.s.t.web.servlet.TestDispatcherServlet  : Completed initialization in 1 ms
2026-07-01T17:45:08.753+02:00  INFO 52300 --- [           main] c.s.s.controller.SkillControllerTest     : Started SkillControllerTest in 0.817 seconds (process running for 30.706)
[INFO] Tests run: 11, Failures: 0, Errors: 0, Skipped: 0, Time elapsed: 1.257 s -- in com.staffengagement.skills.controller.SkillControllerTest
[INFO] Running com.staffengagement.skills.service.SkillServiceTest
[INFO] Tests run: 12, Failures: 0, Errors: 0, Skipped: 0, Time elapsed: 0.526 s -- in com.staffengagement.skills.service.SkillServiceTest
2026-07-01T17:45:09.647+02:00  INFO 52300 --- [           main] org.testcontainers.DockerClientFactory   : Testcontainers version: 1.20.4
[INFO] Running com.staffengagement.skills.SkillIntegrationTest
[WARNING] Tests run: 5, Failures: 0, Errors: 0, Skipped: 5, Time elapsed: 0.001 s -- in com.staffengagement.skills.SkillIntegrationTest
[INFO] Running com.staffengagement.staff.controller.StaffControllerTest
2026-07-01T17:45:09.718+02:00  INFO 52300 --- [           main] t.c.s.AnnotationConfigContextLoaderUtils : Could not detect default configuration classes for test class [com.staffengagement.staff.controller.StaffControllerTest]: StaffControllerTest does not declare any static, non-private, non-final, nested classes annotated with @Configuration.
2026-07-01T17:45:09.830+02:00  INFO 52300 --- [           main] .b.t.c.SpringBootTestContextBootstrapper : Found @SpringBootConfiguration com.staffengagement.Application for test class com.staffengagement.staff.controller.StaffControllerTest

  .   ____          _            __ _ _
 /\\ / ___'_ __ _ _(_)_ __  __ _ \ \ \ \
( ( )\___ | '_ | '_| | '_ \/ _` | \ \ \ \
 \\/  ___)| |_)| | | | | || (_| |  ) ) ) )
  '  |____| .__|_| |_|_| |_\__, | / / / /
 =========|_|==============|___/=/_/_/_/

 :: Spring Boot ::                (v3.4.1)

2026-07-01T17:45:09.891+02:00  INFO 52300 --- [           main] c.s.s.controller.StaffControllerTest     : Starting StaffControllerTest using Java 21.0.7 with PID 52300 (started by liam.maroney in C:\myworkbench\ai_training\Staff-Engagement-POC\backend)
2026-07-01T17:45:09.892+02:00  INFO 52300 --- [           main] c.s.s.controller.StaffControllerTest     : No active profile set, falling back to 1 default profile: "default"
2026-07-01T17:45:10.430+02:00  INFO 52300 --- [           main] eAuthenticationProviderManagerConfigurer : Global AuthenticationManager configured with AuthenticationProvider bean with name authenticationProvider
2026-07-01T17:45:10.431+02:00  WARN 52300 --- [           main] r$InitializeUserDetailsManagerConfigurer : Global AuthenticationManager configured with an AuthenticationProvider bean. UserDetailsService beans will not be used by Spring Security for automatically configuring username/password login. Consider removing the AuthenticationProvider bean. Alternatively, consider using the UserDetailsService in a manually instantiated DaoAuthenticationProvider. If the current configuration is intentional, to turn off this warning, increase the logging level of 'org.springframework.security.config.annotation.authentication.configuration.InitializeUserDetailsBeanManagerConfigurer' to ERROR
2026-07-01T17:45:10.630+02:00  INFO 52300 --- [           main] o.s.b.t.m.w.SpringBootMockServletContext : Initializing Spring TestDispatcherServlet ''
2026-07-01T17:45:10.631+02:00  INFO 52300 --- [           main] o.s.t.web.servlet.TestDispatcherServlet  : Initializing Servlet ''
2026-07-01T17:45:10.632+02:00  INFO 52300 --- [           main] o.s.t.web.servlet.TestDispatcherServlet  : Completed initialization in 0 ms
2026-07-01T17:45:10.641+02:00  INFO 52300 --- [           main] c.s.s.controller.StaffControllerTest     : Started StaffControllerTest in 0.807 seconds (process running for 32.594)
[INFO] Tests run: 11, Failures: 0, Errors: 0, Skipped: 0, Time elapsed: 1.279 s -- in com.staffengagement.staff.controller.StaffControllerTest
[INFO] Running com.staffengagement.staff.service.StaffServiceTest
[INFO] Tests run: 10, Failures: 0, Errors: 0, Skipped: 0, Time elapsed: 0.126 s -- in com.staffengagement.staff.service.StaffServiceTest
[INFO] Running com.staffengagement.task.dto.CreateTaskRequestValidationTest
[INFO] Tests run: 10, Failures: 0, Errors: 0, Skipped: 0, Time elapsed: 0.087 s -- in com.staffengagement.task.dto.CreateTaskRequestValidationTest
[INFO] Running com.staffengagement.task.dto.UpdateTaskRequestValidationTest
[INFO] Tests run: 10, Failures: 0, Errors: 0, Skipped: 0, Time elapsed: 0.042 s -- in com.staffengagement.task.dto.UpdateTaskRequestValidationTest
2026-07-01T17:45:11.273+02:00  INFO 52300 --- [           main] org.testcontainers.DockerClientFactory   : Testcontainers version: 1.20.4
[INFO] Running com.staffengagement.task.integration.TaskApiIntegrationTest
[WARNING] Tests run: 11, Failures: 0, Errors: 0, Skipped: 11, Time elapsed: 0.006 s -- in com.staffengagement.task.integration.TaskApiIntegrationTest
[INFO] Running com.staffengagement.task.repository.TaskSortBuilderTest
[INFO] Tests run: 8, Failures: 0, Errors: 0, Skipped: 0, Time elapsed: 0.021 s -- in com.staffengagement.task.repository.TaskSortBuilderTest
[INFO] Running com.staffengagement.task.repository.TaskSpecificationsTest
[INFO] Tests run: 9, Failures: 0, Errors: 0, Skipped: 0, Time elapsed: 1.207 s -- in com.staffengagement.task.repository.TaskSpecificationsTest
[INFO] Running com.staffengagement.task.service.TaskCreationEdgeCaseTest
[INFO] Tests run: 6, Failures: 0, Errors: 0, Skipped: 0, Time elapsed: 0.302 s -- in com.staffengagement.task.service.TaskCreationEdgeCaseTest
[INFO] Running com.staffengagement.task.service.TaskQueryEdgeCaseTest
[INFO] Tests run: 6, Failures: 0, Errors: 0, Skipped: 0, Time elapsed: 0.067 s -- in com.staffengagement.task.service.TaskQueryEdgeCaseTest
[INFO] Running com.staffengagement.task.service.TaskServiceImplTest
[INFO] Tests run: 10, Failures: 0, Errors: 0, Skipped: 0, Time elapsed: 0.055 s -- in com.staffengagement.task.service.TaskServiceImplTest
[INFO] Running com.staffengagement.task.service.TaskStatusEditDeleteEdgeCaseTest
[INFO] Tests run: 7, Failures: 0, Errors: 0, Skipped: 0, Time elapsed: 0.024 s -- in com.staffengagement.task.service.TaskStatusEditDeleteEdgeCaseTest
[INFO] Running com.staffengagement.interaction.service.InteractionServicePropertyTest
timestamp = 2026-07-01T17:45:13.604726300, InteractionServicePropertyTest:updatePreservesOriginalEmployeeIdAndStaffId = 
                              |-----------------------jqwik-----------------------
tries = 100                   | # of calls to property
checks = 100                  | # of not rejected calls
generation = RANDOMIZED       | parameters are randomly generated
after-failure = SAMPLE_FIRST  | try previously failed sample, then previous seed
when-fixed-seed = ALLOW       | fixing the random seed is allowed
edge-cases#mode = MIXIN       | edge cases are mixed in
edge-cases#total = 8          | # of all combined edge cases
edge-cases#tried = 4          | # of edge cases tried in current run
seed = -7534489413361120812   | random seed to reproduce generated values


timestamp = 2026-07-01T17:45:13.729569100, InteractionServicePropertyTest:createdAtEqualsUpdatedAtOnFreshCreation = 
                              |-----------------------jqwik-----------------------
tries = 100                   | # of calls to property
checks = 100                  | # of not rejected calls
generation = RANDOMIZED       | parameters are randomly generated
after-failure = SAMPLE_FIRST  | try previously failed sample, then previous seed
when-fixed-seed = ALLOW       | fixing the random seed is allowed
edge-cases#mode = MIXIN       | edge cases are mixed in
edge-cases#total = 8          | # of all combined edge cases
edge-cases#tried = 8          | # of edge cases tried in current run
seed = 437515320604534654     | random seed to reproduce generated values


timestamp = 2026-07-01T17:45:13.860553400, InteractionServicePropertyTest:pageSizeCappedAt100 = 
                              |-----------------------jqwik-----------------------
tries = 100                   | # of calls to property
checks = 100                  | # of not rejected calls
generation = RANDOMIZED       | parameters are randomly generated
after-failure = SAMPLE_FIRST  | try previously failed sample, then previous seed
when-fixed-seed = ALLOW       | fixing the random seed is allowed
edge-cases#mode = MIXIN       | edge cases are mixed in
edge-cases#total = 4          | # of all combined edge cases
edge-cases#tried = 4          | # of edge cases tried in current run
seed = -4030906764786852083   | random seed to reproduce generated values


timestamp = 2026-07-01T17:45:13.943261200, InteractionServicePropertyTest:invalidInteractionTypeIsRejected = 
                              |-----------------------jqwik-----------------------
tries = 100                   | # of calls to property
checks = 100                  | # of not rejected calls
generation = RANDOMIZED       | parameters are randomly generated
after-failure = SAMPLE_FIRST  | try previously failed sample, then previous seed
when-fixed-seed = ALLOW       | fixing the random seed is allowed
edge-cases#mode = MIXIN       | edge cases are mixed in
edge-cases#total = 2          | # of all combined edge cases
edge-cases#tried = 1          | # of edge cases tried in current run
seed = 7808130138097338133    | random seed to reproduce generated values


timestamp = 2026-07-01T17:45:14.213664700, InteractionServicePropertyTest:createdAtImmutableAndUpdatedAtAdvances = 
                              |-----------------------jqwik-----------------------
tries = 100                   | # of calls to property
checks = 100                  | # of not rejected calls
generation = RANDOMIZED       | parameters are randomly generated
after-failure = SAMPLE_FIRST  | try previously failed sample, then previous seed
when-fixed-seed = ALLOW       | fixing the random seed is allowed
edge-cases#mode = MIXIN       | edge cases are mixed in
edge-cases#total = 32         | # of all combined edge cases
edge-cases#tried = 20         | # of edge cases tried in current run
seed = -3555884634358079462   | random seed to reproduce generated values


timestamp = 2026-07-01T17:45:14.303447, InteractionServicePropertyTest:listOrderedByOccurredAtDescending = 
                              |-----------------------jqwik-----------------------
tries = 19                    | # of calls to property
checks = 19                   | # of not rejected calls
generation = EXHAUSTIVE       | parameters are exhaustively generated
after-failure = SAMPLE_FIRST  | try previously failed sample, then previous seed
when-fixed-seed = ALLOW       | fixing the random seed is allowed
edge-cases#mode = MIXIN       | edge cases are mixed in
edge-cases#total = 0          | # of all combined edge cases
edge-cases#tried = 0          | # of edge cases tried in current run
seed = -9108674153857504380   | random seed to reproduce generated values


timestamp = 2026-07-01T17:45:14.314791200, InteractionServicePropertyTest:notesPreviewTruncation = 
                              |-----------------------jqwik-----------------------
tries = 100                   | # of calls to property
checks = 100                  | # of not rejected calls
generation = RANDOMIZED       | parameters are randomly generated
after-failure = SAMPLE_FIRST  | try previously failed sample, then previous seed
when-fixed-seed = ALLOW       | fixing the random seed is allowed
edge-cases#mode = MIXIN       | edge cases are mixed in
edge-cases#total = 4          | # of all combined edge cases
edge-cases#tried = 3          | # of edge cases tried in current run
seed = -4294917867574920360   | random seed to reproduce generated values


2026-07-01T17:45:14.338+02:00  INFO 52300 --- [           main] n.j.e.p.RandomizedShrinkablesGenerator   : Edge case generation exceeds number of tries. Stopped after 120 generated cases.
timestamp = 2026-07-01T17:45:14.421537800, InteractionServicePropertyTest:combinedFiltersUseAndSemantics = 
                              |-----------------------jqwik-----------------------
tries = 100                   | # of calls to property
checks = 100                  | # of not rejected calls
generation = RANDOMIZED       | parameters are randomly generated
after-failure = SAMPLE_FIRST  | try previously failed sample, then previous seed
when-fixed-seed = ALLOW       | fixing the random seed is allowed
edge-cases#mode = MIXIN       | edge cases are mixed in
edge-cases#total = 120        | # of all combined edge cases
edge-cases#tried = 25         | # of edge cases tried in current run
seed = -185731943315130218    | random seed to reproduce generated values


timestamp = 2026-07-01T17:45:14.514902300, InteractionServicePropertyTest:futureOccurredAtIsRejected = 
                              |-----------------------jqwik-----------------------
tries = 100                   | # of calls to property
checks = 100                  | # of not rejected calls
generation = RANDOMIZED       | parameters are randomly generated
after-failure = SAMPLE_FIRST  | try previously failed sample, then previous seed
when-fixed-seed = ALLOW       | fixing the random seed is allowed
edge-cases#mode = MIXIN       | edge cases are mixed in
edge-cases#total = 4          | # of all combined edge cases
edge-cases#tried = 4          | # of edge cases tried in current run
seed = 8677819148262523088    | random seed to reproduce generated values


timestamp = 2026-07-01T17:45:14.614911, InteractionServicePropertyTest:paginationMetadataIsConsistent = 
                              |-----------------------jqwik-----------------------
tries = 100                   | # of calls to property
checks = 100                  | # of not rejected calls
generation = RANDOMIZED       | parameters are randomly generated
after-failure = SAMPLE_FIRST  | try previously failed sample, then previous seed
when-fixed-seed = ALLOW       | fixing the random seed is allowed
edge-cases#mode = MIXIN       | edge cases are mixed in
edge-cases#total = 20         | # of all combined edge cases
edge-cases#tried = 16         | # of edge cases tried in current run
seed = -6038495676287985548   | random seed to reproduce generated values


timestamp = 2026-07-01T17:45:14.867404700, InteractionServicePropertyTest:fieldLengthLimitsEnforced = 
                              |-----------------------jqwik-----------------------
tries = 100                   | # of calls to property
checks = 100                  | # of not rejected calls
generation = RANDOMIZED       | parameters are randomly generated
after-failure = SAMPLE_FIRST  | try previously failed sample, then previous seed
when-fixed-seed = ALLOW       | fixing the random seed is allowed
edge-cases#mode = MIXIN       | edge cases are mixed in
edge-cases#total = 64         | # of all combined edge cases
edge-cases#tried = 18         | # of edge cases tried in current run
seed = -1626733974925774290   | random seed to reproduce generated values


[INFO] Tests run: 11, Failures: 0, Errors: 0, Skipped: 0, Time elapsed: 1.760 s -- in com.staffengagement.interaction.service.InteractionServicePropertyTest
[INFO] Running com.staffengagement.task.controller.TaskControllerPropertyTest
timestamp = 2026-07-01T17:45:14.925198200, TaskControllerPropertyTest:invalidUuidAsCreatorIdReturns400 = 
                              |-----------------------jqwik-----------------------
tries = 100                   | # of calls to property
checks = 100                  | # of not rejected calls
generation = RANDOMIZED       | parameters are randomly generated
after-failure = SAMPLE_FIRST  | try previously failed sample, then previous seed
when-fixed-seed = ALLOW       | fixing the random seed is allowed
edge-cases#mode = MIXIN       | edge cases are mixed in
edge-cases#total = 9          | # of all combined edge cases
edge-cases#tried = 8          | # of edge cases tried in current run
seed = -3801460923846790379   | random seed to reproduce generated values


timestamp = 2026-07-01T17:45:14.931920100, TaskControllerPropertyTest:invalidSortByValueReturns400 = 
                              |-----------------------jqwik-----------------------
tries = 14                    | # of calls to property
checks = 14                   | # of not rejected calls
generation = EXHAUSTIVE       | parameters are exhaustively generated
after-failure = SAMPLE_FIRST  | try previously failed sample, then previous seed
when-fixed-seed = ALLOW       | fixing the random seed is allowed
edge-cases#mode = MIXIN       | edge cases are mixed in
edge-cases#total = 0          | # of all combined edge cases
edge-cases#tried = 0          | # of edge cases tried in current run
seed = 6375728446375816936    | random seed to reproduce generated values


timestamp = 2026-07-01T17:45:14.938658300, TaskControllerPropertyTest:validUuidNonExistentStaffAsAssigneeReturnsEmptyList = 
                              |-----------------------jqwik-----------------------
tries = 1                     | # of calls to property
checks = 1                    | # of not rejected calls
generation = EXHAUSTIVE       | parameters are exhaustively generated
after-failure = SAMPLE_FIRST  | try previously failed sample, then previous seed
when-fixed-seed = ALLOW       | fixing the random seed is allowed
edge-cases#mode = MIXIN       | edge cases are mixed in
edge-cases#total = 0          | # of all combined edge cases
edge-cases#tried = 0          | # of edge cases tried in current run
seed = 4642709257412887404    | random seed to reproduce generated values


timestamp = 2026-07-01T17:45:14.943663500, TaskControllerPropertyTest:invalidSortOrderValueReturns400 = 
                              |-----------------------jqwik-----------------------
tries = 12                    | # of calls to property
checks = 12                   | # of not rejected calls
generation = EXHAUSTIVE       | parameters are exhaustively generated
after-failure = SAMPLE_FIRST  | try previously failed sample, then previous seed
when-fixed-seed = ALLOW       | fixing the random seed is allowed
edge-cases#mode = MIXIN       | edge cases are mixed in
edge-cases#total = 0          | # of all combined edge cases
edge-cases#tried = 0          | # of edge cases tried in current run
seed = -8014380188964349639   | random seed to reproduce generated values


timestamp = 2026-07-01T17:45:14.984982400, TaskControllerPropertyTest:invalidUuidAsIndividualIdOnInteractionsReturns400 = 
                              |-----------------------jqwik-----------------------
tries = 100                   | # of calls to property
checks = 100                  | # of not rejected calls
generation = RANDOMIZED       | parameters are randomly generated
after-failure = SAMPLE_FIRST  | try previously failed sample, then previous seed
when-fixed-seed = ALLOW       | fixing the random seed is allowed
edge-cases#mode = MIXIN       | edge cases are mixed in
edge-cases#total = 9          | # of all combined edge cases
edge-cases#tried = 9          | # of edge cases tried in current run
seed = 8476717987633500138    | random seed to reproduce generated values


timestamp = 2026-07-01T17:45:14.994723300, TaskControllerPropertyTest:interactionsEndpointReturnsListForExistingIndividual = 
                              |-----------------------jqwik-----------------------
tries = 1                     | # of calls to property
checks = 1                    | # of not rejected calls
generation = EXHAUSTIVE       | parameters are exhaustively generated
after-failure = SAMPLE_FIRST  | try previously failed sample, then previous seed
when-fixed-seed = ALLOW       | fixing the random seed is allowed
edge-cases#mode = MIXIN       | edge cases are mixed in
edge-cases#total = 0          | # of all combined edge cases
edge-cases#tried = 0          | # of edge cases tried in current run
seed = 1183039131606918734    | random seed to reproduce generated values


timestamp = 2026-07-01T17:45:15.042684800, TaskControllerPropertyTest:invalidUuidAsTaskIdPathVariableReturns400 = 
                              |-----------------------jqwik-----------------------
tries = 100                   | # of calls to property
checks = 100                  | # of not rejected calls
generation = RANDOMIZED       | parameters are randomly generated
after-failure = SAMPLE_FIRST  | try previously failed sample, then previous seed
when-fixed-seed = ALLOW       | fixing the random seed is allowed
edge-cases#mode = MIXIN       | edge cases are mixed in
edge-cases#total = 9          | # of all combined edge cases
edge-cases#tried = 8          | # of edge cases tried in current run
seed = 8769162242780276829    | random seed to reproduce generated values


timestamp = 2026-07-01T17:45:15.053773400, TaskControllerPropertyTest:taskResponseWithNonNullInteractionIdIsValidated = 
                              |-----------------------jqwik-----------------------
tries = 1                     | # of calls to property
checks = 1                    | # of not rejected calls
generation = EXHAUSTIVE       | parameters are exhaustively generated
after-failure = SAMPLE_FIRST  | try previously failed sample, then previous seed
when-fixed-seed = ALLOW       | fixing the random seed is allowed
edge-cases#mode = MIXIN       | edge cases are mixed in
edge-cases#total = 0          | # of all combined edge cases
edge-cases#tried = 0          | # of edge cases tried in current run
seed = 5745542966597723152    | random seed to reproduce generated values


timestamp = 2026-07-01T17:45:15.064166500, TaskControllerPropertyTest:taskResponseReturnsNullWhenInteractionNoLongerExists = 
                              |-----------------------jqwik-----------------------
tries = 1                     | # of calls to property
checks = 1                    | # of not rejected calls
generation = EXHAUSTIVE       | parameters are exhaustively generated
after-failure = SAMPLE_FIRST  | try previously failed sample, then previous seed
when-fixed-seed = ALLOW       | fixing the random seed is allowed
edge-cases#mode = MIXIN       | edge cases are mixed in
edge-cases#total = 0          | # of all combined edge cases
edge-cases#tried = 0          | # of edge cases tried in current run
seed = 7861882970366693108    | random seed to reproduce generated values


timestamp = 2026-07-01T17:45:15.070928700, TaskControllerPropertyTest:invalidDateFormatCreatedFromReturns400 = 
                              |-----------------------jqwik-----------------------
tries = 14                    | # of calls to property
checks = 14                   | # of not rejected calls
generation = EXHAUSTIVE       | parameters are exhaustively generated
after-failure = SAMPLE_FIRST  | try previously failed sample, then previous seed
when-fixed-seed = ALLOW       | fixing the random seed is allowed
edge-cases#mode = MIXIN       | edge cases are mixed in
edge-cases#total = 0          | # of all combined edge cases
edge-cases#tried = 0          | # of edge cases tried in current run
seed = 8876638075177030815    | random seed to reproduce generated values


timestamp = 2026-07-01T17:45:15.077131700, TaskControllerPropertyTest:invalidDateFormatDueDateToReturns400 = 
                              |-----------------------jqwik-----------------------
tries = 14                    | # of calls to property
checks = 14                   | # of not rejected calls
generation = EXHAUSTIVE       | parameters are exhaustively generated
after-failure = SAMPLE_FIRST  | try previously failed sample, then previous seed
when-fixed-seed = ALLOW       | fixing the random seed is allowed
edge-cases#mode = MIXIN       | edge cases are mixed in
edge-cases#total = 0          | # of all combined edge cases
edge-cases#tried = 0          | # of edge cases tried in current run
seed = -3999176102513582068   | random seed to reproduce generated values


timestamp = 2026-07-01T17:45:15.107395500, TaskControllerPropertyTest:invalidUuidAsAssigneeIdReturns400 = 
                              |-----------------------jqwik-----------------------
tries = 100                   | # of calls to property
checks = 100                  | # of not rejected calls
generation = RANDOMIZED       | parameters are randomly generated
after-failure = SAMPLE_FIRST  | try previously failed sample, then previous seed
when-fixed-seed = ALLOW       | fixing the random seed is allowed
edge-cases#mode = MIXIN       | edge cases are mixed in
edge-cases#total = 9          | # of all combined edge cases
edge-cases#tried = 6          | # of edge cases tried in current run
seed = 5638682765699327989    | random seed to reproduce generated values


timestamp = 2026-07-01T17:45:15.116875400, TaskControllerPropertyTest:invalidStatusValueReturns400 = 
                              |-----------------------jqwik-----------------------
tries = 12                    | # of calls to property
checks = 12                   | # of not rejected calls
generation = EXHAUSTIVE       | parameters are exhaustively generated
after-failure = SAMPLE_FIRST  | try previously failed sample, then previous seed
when-fixed-seed = ALLOW       | fixing the random seed is allowed
edge-cases#mode = MIXIN       | edge cases are mixed in
edge-cases#total = 0          | # of all combined edge cases
edge-cases#tried = 0          | # of edge cases tried in current run
seed = -1177666147600021270   | random seed to reproduce generated values


timestamp = 2026-07-01T17:45:15.125999600, TaskControllerPropertyTest:invalidDateFormatReturns400 = 
                              |-----------------------jqwik-----------------------
tries = 14                    | # of calls to property
checks = 14                   | # of not rejected calls
generation = EXHAUSTIVE       | parameters are exhaustively generated
after-failure = SAMPLE_FIRST  | try previously failed sample, then previous seed
when-fixed-seed = ALLOW       | fixing the random seed is allowed
edge-cases#mode = MIXIN       | edge cases are mixed in
edge-cases#total = 0          | # of all combined edge cases
edge-cases#tried = 0          | # of edge cases tried in current run
seed = 9108698006739156596    | random seed to reproduce generated values


timestamp = 2026-07-01T17:45:15.136352500, TaskControllerPropertyTest:interactionsEndpointReturns404ForNonExistentIndividual = 
                              |-----------------------jqwik-----------------------
tries = 1                     | # of calls to property
checks = 1                    | # of not rejected calls
generation = EXHAUSTIVE       | parameters are exhaustively generated
after-failure = SAMPLE_FIRST  | try previously failed sample, then previous seed
when-fixed-seed = ALLOW       | fixing the random seed is allowed
edge-cases#mode = MIXIN       | edge cases are mixed in
edge-cases#total = 0          | # of all combined edge cases
edge-cases#tried = 0          | # of edge cases tried in current run
seed = 1655818522966754089    | random seed to reproduce generated values


timestamp = 2026-07-01T17:45:15.144155400, TaskControllerPropertyTest:validUuidNonExistentStaffAsCreatorReturnsEmptyList = 
                              |-----------------------jqwik-----------------------
tries = 1                     | # of calls to property
checks = 1                    | # of not rejected calls
generation = EXHAUSTIVE       | parameters are exhaustively generated
after-failure = SAMPLE_FIRST  | try previously failed sample, then previous seed
when-fixed-seed = ALLOW       | fixing the random seed is allowed
edge-cases#mode = MIXIN       | edge cases are mixed in
edge-cases#total = 0          | # of all combined edge cases
edge-cases#tried = 0          | # of edge cases tried in current run
seed = -8307999184844115773   | random seed to reproduce generated values


[INFO] Tests run: 16, Failures: 0, Errors: 0, Skipped: 0, Time elapsed: 0.275 s -- in com.staffengagement.task.controller.TaskControllerPropertyTest
[INFO] Running com.staffengagement.task.property.TaskAssignmentPropertyTest
timestamp = 2026-07-01T17:45:15.798559100, TaskAssignmentPropertyTest:inactiveAssigneeIsRejectedWith400 = 
                              |-----------------------jqwik-----------------------
tries = 100                   | # of calls to property
checks = 100                  | # of not rejected calls
generation = RANDOMIZED       | parameters are randomly generated
after-failure = SAMPLE_FIRST  | try previously failed sample, then previous seed
when-fixed-seed = ALLOW       | fixing the random seed is allowed
edge-cases#mode = MIXIN       | edge cases are mixed in
edge-cases#total = 12         | # of all combined edge cases
edge-cases#tried = 10         | # of edge cases tried in current run
seed = 8647949515627617122    | random seed to reproduce generated values


timestamp = 2026-07-01T17:45:16.498381500, TaskAssignmentPropertyTest:nonExistentAssigneeIsRejectedWith404 = 
                              |-----------------------jqwik-----------------------
tries = 100                   | # of calls to property
checks = 100                  | # of not rejected calls
generation = RANDOMIZED       | parameters are randomly generated
after-failure = SAMPLE_FIRST  | try previously failed sample, then previous seed
when-fixed-seed = ALLOW       | fixing the random seed is allowed
edge-cases#mode = MIXIN       | edge cases are mixed in
edge-cases#total = 12         | # of all combined edge cases
edge-cases#tried = 12         | # of edge cases tried in current run
seed = -5781433669969635544   | random seed to reproduce generated values


timestamp = 2026-07-01T17:45:16.634891600, TaskAssignmentPropertyTest:inactiveCreatorIsRejectedWith403 = 
                              |-----------------------jqwik-----------------------
tries = 100                   | # of calls to property
checks = 100                  | # of not rejected calls
generation = RANDOMIZED       | parameters are randomly generated
after-failure = SAMPLE_FIRST  | try previously failed sample, then previous seed
when-fixed-seed = ALLOW       | fixing the random seed is allowed
edge-cases#mode = MIXIN       | edge cases are mixed in
edge-cases#total = 12         | # of all combined edge cases
edge-cases#tried = 12         | # of edge cases tried in current run
seed = -4041365740671028564   | random seed to reproduce generated values


[INFO] Tests run: 3, Failures: 0, Errors: 0, Skipped: 0, Time elapsed: 1.488 s -- in com.staffengagement.task.property.TaskAssignmentPropertyTest
[INFO] Running com.staffengagement.task.property.TaskCreationPropertyTest
timestamp = 2026-07-01T17:45:16.794854900, TaskCreationPropertyTest:taskCreationRoundTripPreservesAllInputData = 
                              |-----------------------jqwik-----------------------
tries = 100                   | # of calls to property
checks = 100                  | # of not rejected calls
generation = RANDOMIZED       | parameters are randomly generated
after-failure = SAMPLE_FIRST  | try previously failed sample, then previous seed
when-fixed-seed = ALLOW       | fixing the random seed is allowed
edge-cases#mode = MIXIN       | edge cases are mixed in
edge-cases#total = 42         | # of all combined edge cases
edge-cases#tried = 13         | # of edge cases tried in current run
seed = -4292457164679043970   | random seed to reproduce generated values


[INFO] Tests run: 1, Failures: 0, Errors: 0, Skipped: 0, Time elapsed: 0.161 s -- in com.staffengagement.task.property.TaskCreationPropertyTest
[INFO] Running com.staffengagement.task.property.TaskQueryPropertyTest
timestamp = 2026-07-01T17:45:16.818584600, TaskQueryPropertyTest:filterByCreatorWithExcludeSelfAssignedEnforcesBothConstraints = 
                              |-----------------------jqwik-----------------------
tries = 1                     | # of calls to property
checks = 1                    | # of not rejected calls
generation = EXHAUSTIVE       | parameters are exhaustively generated
after-failure = SAMPLE_FIRST  | try previously failed sample, then previous seed
when-fixed-seed = ALLOW       | fixing the random seed is allowed
edge-cases#mode = MIXIN       | edge cases are mixed in
edge-cases#total = 0          | # of all combined edge cases
edge-cases#tried = 0          | # of edge cases tried in current run
seed = 6300247456797694314    | random seed to reproduce generated values


timestamp = 2026-07-01T17:45:16.846387900, TaskQueryPropertyTest:filterByAssigneeReturnsExactlyMatchingTasks = 
                              |-----------------------jqwik-----------------------
tries = 20                    | # of calls to property
checks = 20                   | # of not rejected calls
generation = EXHAUSTIVE       | parameters are exhaustively generated
after-failure = SAMPLE_FIRST  | try previously failed sample, then previous seed
when-fixed-seed = ALLOW       | fixing the random seed is allowed
edge-cases#mode = MIXIN       | edge cases are mixed in
edge-cases#total = 0          | # of all combined edge cases
edge-cases#tried = 0          | # of edge cases tried in current run
seed = -7788554436193634034   | random seed to reproduce generated values


timestamp = 2026-07-01T17:45:16.853130100, TaskQueryPropertyTest:sortOrderingInvariantDueDateNullsLast = 
                              |-----------------------jqwik-----------------------
tries = 1                     | # of calls to property
checks = 1                    | # of not rejected calls
generation = EXHAUSTIVE       | parameters are exhaustively generated
after-failure = SAMPLE_FIRST  | try previously failed sample, then previous seed
when-fixed-seed = ALLOW       | fixing the random seed is allowed
edge-cases#mode = MIXIN       | edge cases are mixed in
edge-cases#total = 0          | # of all combined edge cases
edge-cases#tried = 0          | # of edge cases tried in current run
seed = -6692286258888196109   | random seed to reproduce generated values


timestamp = 2026-07-01T17:45:16.861989700, TaskQueryPropertyTest:filterCombinationAppliesAllConstraintsAsAnd = 
                              |-----------------------jqwik-----------------------
tries = 1                     | # of calls to property
checks = 1                    | # of not rejected calls
generation = EXHAUSTIVE       | parameters are exhaustively generated
after-failure = SAMPLE_FIRST  | try previously failed sample, then previous seed
when-fixed-seed = ALLOW       | fixing the random seed is allowed
edge-cases#mode = MIXIN       | edge cases are mixed in
edge-cases#total = 0          | # of all combined edge cases
edge-cases#tried = 0          | # of edge cases tried in current run
seed = -7394062556277577330   | random seed to reproduce generated values


timestamp = 2026-07-01T17:45:16.902093, TaskQueryPropertyTest:paginationEnforcedAtFiftyTasksPerPage = 
                              |-----------------------jqwik-----------------------
tries = 20                    | # of calls to property
checks = 20                   | # of not rejected calls
generation = RANDOMIZED       | parameters are randomly generated
after-failure = SAMPLE_FIRST  | try previously failed sample, then previous seed
when-fixed-seed = ALLOW       | fixing the random seed is allowed
edge-cases#mode = MIXIN       | edge cases are mixed in
edge-cases#total = 4          | # of all combined edge cases
edge-cases#tried = 3          | # of edge cases tried in current run
seed = -8344955093197189655   | random seed to reproduce generated values


timestamp = 2026-07-01T17:45:16.912115800, TaskQueryPropertyTest:sortOrderingInvariantCreatedDateDesc = 
                              |-----------------------jqwik-----------------------
tries = 1                     | # of calls to property
checks = 1                    | # of not rejected calls
generation = EXHAUSTIVE       | parameters are exhaustively generated
after-failure = SAMPLE_FIRST  | try previously failed sample, then previous seed
when-fixed-seed = ALLOW       | fixing the random seed is allowed
edge-cases#mode = MIXIN       | edge cases are mixed in
edge-cases#total = 0          | # of all combined edge cases
edge-cases#tried = 0          | # of edge cases tried in current run
seed = -4063408581798589386   | random seed to reproduce generated values


[INFO] Tests run: 6, Failures: 0, Errors: 0, Skipped: 0, Time elapsed: 0.112 s -- in com.staffengagement.task.property.TaskQueryPropertyTest
[INFO] Running com.staffengagement.task.property.TaskValidationPropertyTest
timestamp = 2026-07-01T17:45:17.300106400, TaskValidationPropertyTest:longDescriptionsAreRejected = 
                              |-----------------------jqwik-----------------------
tries = 100                   | # of calls to property
checks = 100                  | # of not rejected calls
generation = RANDOMIZED       | parameters are randomly generated
after-failure = SAMPLE_FIRST  | try previously failed sample, then previous seed
when-fixed-seed = ALLOW       | fixing the random seed is allowed
edge-cases#mode = MIXIN       | edge cases are mixed in
edge-cases#total = 4          | # of all combined edge cases
edge-cases#tried = 4          | # of edge cases tried in current run
seed = -924804926185935076    | random seed to reproduce generated values


timestamp = 2026-07-01T17:45:17.319269400, TaskValidationPropertyTest:blankDescriptionsAreRejected = 
                              |-----------------------jqwik-----------------------
tries = 5                     | # of calls to property
checks = 5                    | # of not rejected calls
generation = EXHAUSTIVE       | parameters are exhaustively generated
after-failure = SAMPLE_FIRST  | try previously failed sample, then previous seed
when-fixed-seed = ALLOW       | fixing the random seed is allowed
edge-cases#mode = MIXIN       | edge cases are mixed in
edge-cases#total = 0          | # of all combined edge cases
edge-cases#tried = 0          | # of edge cases tried in current run
seed = 5013167215288832318    | random seed to reproduce generated values


timestamp = 2026-07-01T17:45:17.342098300, TaskValidationPropertyTest:multipleInvalidFieldsReturnAllErrors = 
                              |-----------------------jqwik-----------------------
tries = 2                     | # of calls to property
checks = 2                    | # of not rejected calls
generation = EXHAUSTIVE       | parameters are exhaustively generated
after-failure = SAMPLE_FIRST  | try previously failed sample, then previous seed
when-fixed-seed = ALLOW       | fixing the random seed is allowed
edge-cases#mode = MIXIN       | edge cases are mixed in
edge-cases#total = 0          | # of all combined edge cases
edge-cases#tried = 0          | # of edge cases tried in current run
seed = -6583553658424045232   | random seed to reproduce generated values


timestamp = 2026-07-01T17:45:17.386522800, TaskValidationPropertyTest:nullAssigneeIdIsRejected = 
                              |-----------------------jqwik-----------------------
tries = 100                   | # of calls to property
checks = 100                  | # of not rejected calls
generation = RANDOMIZED       | parameters are randomly generated
after-failure = SAMPLE_FIRST  | try previously failed sample, then previous seed
when-fixed-seed = ALLOW       | fixing the random seed is allowed
edge-cases#mode = MIXIN       | edge cases are mixed in
edge-cases#total = 4          | # of all combined edge cases
edge-cases#tried = 4          | # of edge cases tried in current run
seed = 2564914958796905596    | random seed to reproduce generated values


timestamp = 2026-07-01T17:45:17.432193700, TaskValidationPropertyTest:nullIndividualIdIsRejected = 
                              |-----------------------jqwik-----------------------
tries = 100                   | # of calls to property
checks = 100                  | # of not rejected calls
generation = RANDOMIZED       | parameters are randomly generated
after-failure = SAMPLE_FIRST  | try previously failed sample, then previous seed
when-fixed-seed = ALLOW       | fixing the random seed is allowed
edge-cases#mode = MIXIN       | edge cases are mixed in
edge-cases#total = 4          | # of all combined edge cases
edge-cases#tried = 4          | # of edge cases tried in current run
seed = -2820097917660190100   | random seed to reproduce generated values


timestamp = 2026-07-01T17:45:17.548343, TaskValidationPropertyTest:pastDueDatesAreRejected = 
                              |-----------------------jqwik-----------------------
tries = 100                   | # of calls to property
checks = 100                  | # of not rejected calls
generation = RANDOMIZED       | parameters are randomly generated
after-failure = SAMPLE_FIRST  | try previously failed sample, then previous seed
when-fixed-seed = ALLOW       | fixing the random seed is allowed
edge-cases#mode = MIXIN       | edge cases are mixed in
edge-cases#total = 4          | # of all combined edge cases
edge-cases#tried = 4          | # of edge cases tried in current run
seed = 2460488194294647115    | random seed to reproduce generated values


[INFO] Tests run: 6, Failures: 0, Errors: 0, Skipped: 0, Time elapsed: 0.637 s -- in com.staffengagement.task.property.TaskValidationPropertyTest
[INFO] Running com.staffengagement.task.service.TaskCreationPropertyTest
timestamp = 2026-07-01T17:45:17.592466200, TaskCreationPropertyTest:multiFieldValidationReturnsAllErrorsSimultaneously = 
                              |-----------------------jqwik-----------------------
tries = 2                     | # of calls to property
checks = 2                    | # of not rejected calls
generation = EXHAUSTIVE       | parameters are exhaustively generated
after-failure = SAMPLE_FIRST  | try previously failed sample, then previous seed
when-fixed-seed = ALLOW       | fixing the random seed is allowed
edge-cases#mode = MIXIN       | edge cases are mixed in
edge-cases#total = 0          | # of all combined edge cases
edge-cases#tried = 0          | # of edge cases tried in current run
seed = 1711737296642354420    | random seed to reproduce generated values


timestamp = 2026-07-01T17:45:17.781630500, TaskCreationPropertyTest:taskCreationRoundTripPreservesAllInputData = 
                              |-----------------------jqwik-----------------------
tries = 100                   | # of calls to property
checks = 100                  | # of not rejected calls
generation = RANDOMIZED       | parameters are randomly generated
after-failure = SAMPLE_FIRST  | try previously failed sample, then previous seed
when-fixed-seed = ALLOW       | fixing the random seed is allowed
edge-cases#mode = MIXIN       | edge cases are mixed in
edge-cases#total = 42         | # of all combined edge cases
edge-cases#tried = 23         | # of edge cases tried in current run
seed = -7209059139420975457   | random seed to reproduce generated values


timestamp = 2026-07-01T17:45:17.917271600, TaskCreationPropertyTest:nonExistentAssigneeRejectedWith404 = 
                              |-----------------------jqwik-----------------------
tries = 100                   | # of calls to property
checks = 100                  | # of not rejected calls
generation = RANDOMIZED       | parameters are randomly generated
after-failure = SAMPLE_FIRST  | try previously failed sample, then previous seed
when-fixed-seed = ALLOW       | fixing the random seed is allowed
edge-cases#mode = MIXIN       | edge cases are mixed in
edge-cases#total = 42         | # of all combined edge cases
edge-cases#tried = 23         | # of edge cases tried in current run
seed = -4139140767090558089   | random seed to reproduce generated values


timestamp = 2026-07-01T17:45:17.934888800, TaskCreationPropertyTest:blankDescriptionsAreRejectedByValidator = 
                              |-----------------------jqwik-----------------------
tries = 6                     | # of calls to property
checks = 6                    | # of not rejected calls
generation = EXHAUSTIVE       | parameters are exhaustively generated
after-failure = SAMPLE_FIRST  | try previously failed sample, then previous seed
when-fixed-seed = ALLOW       | fixing the random seed is allowed
edge-cases#mode = MIXIN       | edge cases are mixed in
edge-cases#total = 0          | # of all combined edge cases
edge-cases#tried = 0          | # of edge cases tried in current run
seed = 7879759419537224829    | random seed to reproduce generated values


timestamp = 2026-07-01T17:45:18.046577200, TaskCreationPropertyTest:inactiveCreatorRejectedWith403 = 
                              |-----------------------jqwik-----------------------
tries = 100                   | # of calls to property
checks = 100                  | # of not rejected calls
generation = RANDOMIZED       | parameters are randomly generated
after-failure = SAMPLE_FIRST  | try previously failed sample, then previous seed
when-fixed-seed = ALLOW       | fixing the random seed is allowed
edge-cases#mode = MIXIN       | edge cases are mixed in
edge-cases#total = 42         | # of all combined edge cases
edge-cases#tried = 13         | # of edge cases tried in current run
seed = -4218445323410520541   | random seed to reproduce generated values


timestamp = 2026-07-01T17:45:18.361771300, TaskCreationPropertyTest:oversizedDescriptionsAreRejectedByValidator = 
                              |-----------------------jqwik-----------------------
tries = 50                    | # of calls to property
checks = 50                   | # of not rejected calls
generation = RANDOMIZED       | parameters are randomly generated
after-failure = SAMPLE_FIRST  | try previously failed sample, then previous seed
when-fixed-seed = ALLOW       | fixing the random seed is allowed
edge-cases#mode = MIXIN       | edge cases are mixed in
edge-cases#total = 4          | # of all combined edge cases
edge-cases#tried = 3          | # of edge cases tried in current run
seed = 214981399473594478     | random seed to reproduce generated values


timestamp = 2026-07-01T17:45:18.471518700, TaskCreationPropertyTest:inactiveAssigneeRejectedWith400 = 
                              |-----------------------jqwik-----------------------
tries = 100                   | # of calls to property
checks = 100                  | # of not rejected calls
generation = RANDOMIZED       | parameters are randomly generated
after-failure = SAMPLE_FIRST  | try previously failed sample, then previous seed
when-fixed-seed = ALLOW       | fixing the random seed is allowed
edge-cases#mode = MIXIN       | edge cases are mixed in
edge-cases#total = 42         | # of all combined edge cases
edge-cases#tried = 10         | # of edge cases tried in current run
seed = 3260909343900172556    | random seed to reproduce generated values


[INFO] Tests run: 7, Failures: 0, Errors: 0, Skipped: 0, Time elapsed: 0.921 s -- in com.staffengagement.task.service.TaskCreationPropertyTest
[INFO] Running com.staffengagement.task.service.TaskUpdateDeletePropertyTest
timestamp = 2026-07-01T17:45:18.510661200, TaskUpdateDeletePropertyTest:statusUpdateNonAssigneeRejectedWith403 = 
                              |-----------------------jqwik-----------------------
tries = 3                     | # of calls to property
checks = 3                    | # of not rejected calls
generation = EXHAUSTIVE       | parameters are exhaustively generated
after-failure = SAMPLE_FIRST  | try previously failed sample, then previous seed
when-fixed-seed = ALLOW       | fixing the random seed is allowed
edge-cases#mode = MIXIN       | edge cases are mixed in
edge-cases#total = 0          | # of all combined edge cases
edge-cases#tried = 0          | # of edge cases tried in current run
seed = 4243929838847592319    | random seed to reproduce generated values


timestamp = 2026-07-01T17:45:18.527773200, TaskUpdateDeletePropertyTest:statusUpdateNonExistentTaskReturns404 = 
                              |-----------------------jqwik-----------------------
tries = 3                     | # of calls to property
checks = 3                    | # of not rejected calls
generation = EXHAUSTIVE       | parameters are exhaustively generated
after-failure = SAMPLE_FIRST  | try previously failed sample, then previous seed
when-fixed-seed = ALLOW       | fixing the random seed is allowed
edge-cases#mode = MIXIN       | edge cases are mixed in
edge-cases#total = 0          | # of all combined edge cases
edge-cases#tried = 0          | # of edge cases tried in current run
seed = 335863007374947194     | random seed to reproduce generated values


timestamp = 2026-07-01T17:45:18.548867700, TaskUpdateDeletePropertyTest:statusUpdateInvalidStatusRejectedWith400 = 
                              |-----------------------jqwik-----------------------
tries = 10                    | # of calls to property
checks = 10                   | # of not rejected calls
generation = EXHAUSTIVE       | parameters are exhaustively generated
after-failure = SAMPLE_FIRST  | try previously failed sample, then previous seed
when-fixed-seed = ALLOW       | fixing the random seed is allowed
edge-cases#mode = MIXIN       | edge cases are mixed in
edge-cases#total = 0          | # of all combined edge cases
edge-cases#tried = 0          | # of edge cases tried in current run
seed = -7318558342605706575   | random seed to reproduce generated values


timestamp = 2026-07-01T17:45:18.560321100, TaskUpdateDeletePropertyTest:deleteByCreatorSucceeds = 
                              |-----------------------jqwik-----------------------
tries = 1                     | # of calls to property
checks = 1                    | # of not rejected calls
generation = EXHAUSTIVE       | parameters are exhaustively generated
after-failure = SAMPLE_FIRST  | try previously failed sample, then previous seed
when-fixed-seed = ALLOW       | fixing the random seed is allowed
edge-cases#mode = MIXIN       | edge cases are mixed in
edge-cases#total = 0          | # of all combined edge cases
edge-cases#tried = 0          | # of edge cases tried in current run
seed = 2806166075207336724    | random seed to reproduce generated values


timestamp = 2026-07-01T17:45:18.688580700, TaskUpdateDeletePropertyTest:pastDueDatesAreRejectedOnEdit = 
                              |-----------------------jqwik-----------------------
tries = 100                   | # of calls to property
checks = 100                  | # of not rejected calls
generation = RANDOMIZED       | parameters are randomly generated
after-failure = SAMPLE_FIRST  | try previously failed sample, then previous seed
when-fixed-seed = ALLOW       | fixing the random seed is allowed
edge-cases#mode = MIXIN       | edge cases are mixed in
edge-cases#total = 4          | # of all combined edge cases
edge-cases#tried = 3          | # of edge cases tried in current run
seed = 6032253995617571659    | random seed to reproduce generated values


timestamp = 2026-07-01T17:45:18.700564, TaskUpdateDeletePropertyTest:deleteNonExistentTaskReturns404 = 
                              |-----------------------jqwik-----------------------
tries = 1                     | # of calls to property
checks = 1                    | # of not rejected calls
generation = EXHAUSTIVE       | parameters are exhaustively generated
after-failure = SAMPLE_FIRST  | try previously failed sample, then previous seed
when-fixed-seed = ALLOW       | fixing the random seed is allowed
edge-cases#mode = MIXIN       | edge cases are mixed in
edge-cases#total = 0          | # of all combined edge cases
edge-cases#tried = 0          | # of edge cases tried in current run
seed = 6997437811184103870    | random seed to reproduce generated values


timestamp = 2026-07-01T17:45:18.853753200, TaskUpdateDeletePropertyTest:editRoundTripPreservesAllUpdatedFields = 
                              |-----------------------jqwik-----------------------
tries = 100                   | # of calls to property
checks = 100                  | # of not rejected calls
generation = RANDOMIZED       | parameters are randomly generated
after-failure = SAMPLE_FIRST  | try previously failed sample, then previous seed
when-fixed-seed = ALLOW       | fixing the random seed is allowed
edge-cases#mode = MIXIN       | edge cases are mixed in
edge-cases#total = 35         | # of all combined edge cases
edge-cases#tried = 16         | # of edge cases tried in current run
seed = 6888834936675897145    | random seed to reproduce generated values


timestamp = 2026-07-01T17:45:18.891308600, TaskUpdateDeletePropertyTest:anyValidStatusCanTransitionToAnyOtherValidStatus = 
                              |-----------------------jqwik-----------------------
tries = 9                     | # of calls to property
checks = 9                    | # of not rejected calls
generation = EXHAUSTIVE       | parameters are exhaustively generated
after-failure = SAMPLE_FIRST  | try previously failed sample, then previous seed
when-fixed-seed = ALLOW       | fixing the random seed is allowed
edge-cases#mode = MIXIN       | edge cases are mixed in
edge-cases#total = 0          | # of all combined edge cases
edge-cases#tried = 0          | # of edge cases tried in current run
seed = -7641032781702523285   | random seed to reproduce generated values


timestamp = 2026-07-01T17:45:19.015067600, TaskUpdateDeletePropertyTest:editWithNullInteractionIdSkipsValidation = 
                              |-----------------------jqwik-----------------------
tries = 100                   | # of calls to property
checks = 100                  | # of not rejected calls
generation = RANDOMIZED       | parameters are randomly generated
after-failure = SAMPLE_FIRST  | try previously failed sample, then previous seed
when-fixed-seed = ALLOW       | fixing the random seed is allowed
edge-cases#mode = MIXIN       | edge cases are mixed in
edge-cases#total = 7          | # of all combined edge cases
edge-cases#tried = 5          | # of edge cases tried in current run
seed = -6185557865788328100   | random seed to reproduce generated values


timestamp = 2026-07-01T17:45:19.027529600, TaskUpdateDeletePropertyTest:editNonExistentTaskReturns404 = 
                              |-----------------------jqwik-----------------------
tries = 1                     | # of calls to property
checks = 1                    | # of not rejected calls
generation = EXHAUSTIVE       | parameters are exhaustively generated
after-failure = SAMPLE_FIRST  | try previously failed sample, then previous seed
when-fixed-seed = ALLOW       | fixing the random seed is allowed
edge-cases#mode = MIXIN       | edge cases are mixed in
edge-cases#total = 0          | # of all combined edge cases
edge-cases#tried = 0          | # of edge cases tried in current run
seed = -2354231948663866148   | random seed to reproduce generated values


timestamp = 2026-07-01T17:45:19.212451900, TaskUpdateDeletePropertyTest:editWithProvidedInteractionIdIsValidated = 
                              |-----------------------jqwik-----------------------
tries = 100                   | # of calls to property
checks = 100                  | # of not rejected calls
generation = RANDOMIZED       | parameters are randomly generated
after-failure = SAMPLE_FIRST  | try previously failed sample, then previous seed
when-fixed-seed = ALLOW       | fixing the random seed is allowed
edge-cases#mode = MIXIN       | edge cases are mixed in
edge-cases#total = 7          | # of all combined edge cases
edge-cases#tried = 7          | # of edge cases tried in current run
seed = -3799267897761782798   | random seed to reproduce generated values


timestamp = 2026-07-01T17:45:19.281751200, TaskUpdateDeletePropertyTest:pastDueDatesAreRejectedOnCreate = 
                              |-----------------------jqwik-----------------------
tries = 100                   | # of calls to property
checks = 100                  | # of not rejected calls
generation = RANDOMIZED       | parameters are randomly generated
after-failure = SAMPLE_FIRST  | try previously failed sample, then previous seed
when-fixed-seed = ALLOW       | fixing the random seed is allowed
edge-cases#mode = MIXIN       | edge cases are mixed in
edge-cases#total = 4          | # of all combined edge cases
edge-cases#tried = 4          | # of edge cases tried in current run
seed = -2562766276599401415   | random seed to reproduce generated values


timestamp = 2026-07-01T17:45:19.297820600, TaskUpdateDeletePropertyTest:editByNonCreatorSucceedsWhenRequesterIsActive = 
                              |-----------------------jqwik-----------------------
tries = 1                     | # of calls to property
checks = 1                    | # of not rejected calls
generation = EXHAUSTIVE       | parameters are exhaustively generated
after-failure = SAMPLE_FIRST  | try previously failed sample, then previous seed
when-fixed-seed = ALLOW       | fixing the random seed is allowed
edge-cases#mode = MIXIN       | edge cases are mixed in
edge-cases#total = 0          | # of all combined edge cases
edge-cases#tried = 0          | # of edge cases tried in current run
seed = -3405581103206342909   | random seed to reproduce generated values


timestamp = 2026-07-01T17:45:19.322689700, TaskUpdateDeletePropertyTest:deleteByNonCreatorRejectedWith403AndNoDataModification = 
                              |-----------------------jqwik-----------------------
tries = 1                     | # of calls to property
checks = 1                    | # of not rejected calls
generation = EXHAUSTIVE       | parameters are exhaustively generated
after-failure = SAMPLE_FIRST  | try previously failed sample, then previous seed
when-fixed-seed = ALLOW       | fixing the random seed is allowed
edge-cases#mode = MIXIN       | edge cases are mixed in
edge-cases#total = 0          | # of all combined edge cases
edge-cases#tried = 0          | # of edge cases tried in current run
seed = 8234466269373334823    | random seed to reproduce generated values


[INFO] Tests run: 14, Failures: 0, Errors: 0, Skipped: 0, Time elapsed: 0.849 s -- in com.staffengagement.task.service.TaskUpdateDeletePropertyTest
[INFO] 
[INFO] Results:
[INFO] 
[WARNING] Tests run: 418, Failures: 0, Errors: 0, Skipped: 35
[INFO] 
[INFO] 
[INFO] --- jacoco:0.8.12:report (report) @ staff-engagement-backend ---
[INFO] Loading execution data file C:\myworkbench\ai_training\Staff-Engagement-POC\backend\target\jacoco.exec
[INFO] Analyzed bundle 'Staff Engagement Backend' with 116 classes
[INFO] ------------------------------------------------------------------------
[INFO] BUILD SUCCESS
[INFO] ------------------------------------------------------------------------
[INFO] Total time:  46.429 s
[INFO] Finished at: 2026-07-01T17:45:21+02:00
[INFO] ------------------------------------------------------------------------
